Sep 21 18:50:00 localhost kernel: Booting Linux on physical CPU 0x0000000000 [0x512f0011]
Sep 21 18:50:00 localhost kernel: Linux version 5.14.0-604.el9.aarch64 (mockbuild@aarch64-01.stream.rdu2.redhat.com) (gcc (GCC) 11.5.0 20240719 (Red Hat 11.5.0-9), GNU ld version 2.35.2-66.el9) #1 SMP PREEMPT_DYNAMIC Thu Aug 7 06:20:10 UTC 2025
Sep 21 18:50:00 localhost kernel: The list of certified hardware and cloud instances for Red Hat Enterprise Linux 9 can be viewed at the Red Hat Ecosystem Catalog, https://catalog.redhat.com.
Sep 21 18:50:00 localhost kernel: KASLR enabled
Sep 21 18:50:00 localhost kernel: efi: EFI v2.7 by EDK II
Sep 21 18:50:00 localhost kernel: efi: ACPI 2.0=0xbff5f018 SMBIOS=0xbe780000 SMBIOS 3.0=0xbe760000 MEMATTR=0xbed4c798 RNG=0xbff5fe98 MEMRESERVE=0xbe68c898 
Sep 21 18:50:00 localhost kernel: secureboot: Secure boot disabled
Sep 21 18:50:00 localhost kernel: ACPI: Early table checksum verification disabled
Sep 21 18:50:00 localhost kernel: ACPI: RSDP 0x00000000BFF5F018 000024 (v02 VRTUAL)
Sep 21 18:50:00 localhost kernel: ACPI: XSDT 0x00000000BFF5FF18 000064 (v01 VRTUAL MICROSFT 00000001 MSFT 00000001)
Sep 21 18:50:00 localhost kernel: ACPI: FACP 0x00000000BFF5FC18 000114 (v06 VRTUAL MICROSFT 00000001 MSFT 00000001)
Sep 21 18:50:00 localhost kernel: ACPI: DSDT 0x00000000BFF41018 01DFCD (v02 MSFTVM DSDT01   00000001 INTL 20230628)
Sep 21 18:50:00 localhost kernel: ACPI: DBG2 0x00000000BFF5FB18 000072 (v00 VRTUAL MICROSFT 00000001 MSFT 00000001)
Sep 21 18:50:00 localhost kernel: ACPI: GTDT 0x00000000BFF5FD98 000060 (v02 VRTUAL MICROSFT 00000001 MSFT 00000001)
Sep 21 18:50:00 localhost kernel: ACPI: OEM0 0x00000000BFF5F098 000064 (v01 VRTUAL MICROSFT 00000001 MSFT 00000001)
Sep 21 18:50:00 localhost kernel: ACPI: APIC 0x00000000BFF5F818 0000AC (v04 VRTUAL MICROSFT 00000001 MSFT 00000001)
Sep 21 18:50:00 localhost kernel: ACPI: SRAT 0x00000000BFF5F198 000222 (v03 VRTUAL MICROSFT 00000001 MSFT 00000001)
Sep 21 18:50:00 localhost kernel: ACPI: PPTT 0x00000000BFF5F918 0000A4 (v01 VRTUAL MICROSFT 00000000 MSFT 00000000)
Sep 21 18:50:00 localhost kernel: ACPI: BGRT 0x00000000BFF5FA18 000038 (v01 VRTUAL MICROSFT 00000001 MSFT 00000001)
Sep 21 18:50:00 localhost kernel: ACPI: SRAT: Node 0 PXM 0 [mem 0x00000000-0xbfffffff] hotplug
Sep 21 18:50:00 localhost kernel: ACPI: SRAT: Node 0 PXM 0 [mem 0xc0000000-0xdfffffff] hotplug
Sep 21 18:50:00 localhost kernel: ACPI: SRAT: Node 0 PXM 0 [mem 0x100000000-0xfdfffffff] hotplug
Sep 21 18:50:00 localhost kernel: ACPI: SRAT: Node 0 PXM 0 [mem 0x1000000000-0xffffffffff] hotplug
Sep 21 18:50:00 localhost kernel: ACPI: SRAT: Node 0 PXM 0 [mem 0x10000000000-0x1ffffffffff] hotplug
Sep 21 18:50:00 localhost kernel: ACPI: SRAT: Node 0 PXM 0 [mem 0x20000000000-0x3ffffffffff] hotplug
Sep 21 18:50:00 localhost kernel: ACPI: SRAT: Node 0 PXM 0 [mem 0x40000000000-0x7ffffffffff] hotplug
Sep 21 18:50:00 localhost kernel: ACPI: SRAT: Node 0 PXM 0 [mem 0x80000000000-0xfffffffffff] hotplug
Sep 21 18:50:00 localhost kernel: ACPI: SRAT: Node 0 PXM 0 [mem 0x100000000000-0x1fffffffffff] hotplug
Sep 21 18:50:00 localhost kernel: ACPI: SRAT: Node 0 PXM 0 [mem 0x200000000000-0x3fffffffffff] hotplug
Sep 21 18:50:00 localhost kernel: ACPI: SRAT: Node 0 PXM 0 [mem 0x400000000000-0x7fffffffffff] hotplug
Sep 21 18:50:00 localhost kernel: ACPI: SRAT: Node 0 PXM 0 [mem 0x800000000000-0xffffffffffff] hotplug
Sep 21 18:50:00 localhost kernel: NUMA: NODE_DATA [mem 0xbf74bf00-0xbf758fff]
Sep 21 18:50:00 localhost kernel: Zone ranges:
Sep 21 18:50:00 localhost kernel:  DMA      [mem 0x0000000000000000-0x00000000bfffffff]
Sep 21 18:50:00 localhost kernel:  DMA32    empty
Sep 21 18:50:00 localhost kernel:  Normal   empty
Sep 21 18:50:00 localhost kernel:  Device   empty
Sep 21 18:50:00 localhost kernel: Movable zone start for each node
Sep 21 18:50:00 localhost kernel: Early memory node ranges
Sep 21 18:50:00 localhost kernel:  node   0: [mem 0x0000000000000000-0x00000000007fffff]
Sep 21 18:50:00 localhost kernel:  node   0: [mem 0x0000000000824000-0x00000000be74ffff]
Sep 21 18:50:00 localhost kernel:  node   0: [mem 0x00000000be750000-0x00000000bea7ffff]
Sep 21 18:50:00 localhost kernel:  node   0: [mem 0x00000000bea80000-0x00000000bfe7ffff]
Sep 21 18:50:00 localhost kernel:  node   0: [mem 0x00000000bfe80000-0x00000000bfefffff]
Sep 21 18:50:00 localhost kernel:  node   0: [mem 0x00000000bff00000-0x00000000bfffffff]
Sep 21 18:50:00 localhost kernel: Initmem setup node 0 [mem 0x0000000000000000-0x00000000bfffffff]
Sep 21 18:50:00 localhost kernel: On node 0, zone DMA: 36 pages in unavailable ranges
Sep 21 18:50:00 localhost kernel: crashkernel reserved: 0x00000000a8a00000 - 0x00000000b8a00000 (256 MB)
Sep 21 18:50:00 localhost kernel: psci: probing for conduit method from ACPI.
Sep 21 18:50:00 localhost kernel: psci: PSCIv1.1 detected in firmware.
Sep 21 18:50:00 localhost kernel: psci: Using standard PSCI v0.2 function IDs
Sep 21 18:50:00 localhost kernel: psci: MIGRATE_INFO_TYPE not supported.
Sep 21 18:50:00 localhost kernel: psci: SMC Calling Convention v1.4
Sep 21 18:50:00 localhost kernel: ACPI: NUMA: SRAT: PXM 0 -> MPIDR 0x0 -> Node 0
Sep 21 18:50:00 localhost kernel: percpu: Embedded 33 pages/cpu s97960 r8192 d29016 u135168
Sep 21 18:50:00 localhost kernel: Detected PIPT I-cache on CPU0
Sep 21 18:50:00 localhost kernel: CPU features: detected: GIC system register CPU interface
Sep 21 18:50:00 localhost kernel: CPU features: detected: Spectre-v4
Sep 21 18:50:00 localhost kernel: CPU features: detected: Spectre-BHB
Sep 21 18:50:00 localhost kernel: CPU features: kernel page table isolation forced ON by KASLR
Sep 21 18:50:00 localhost kernel: CPU features: detected: Kernel page table isolation (KPTI)
Sep 21 18:50:00 localhost kernel: alternatives: applying boot alternatives
Sep 21 18:50:00 localhost kernel: Kernel command line: BOOT_IMAGE=(hd0,gpt2)/vmlinuz-5.14.0-604.el9.aarch64 root=/dev/mapper/cs-root ro crashkernel=1G-4G:256M,4G-64G:320M,64G-:576M rd.lvm.lv=cs/root rd.lvm.lv=cs/swap rhgb quiet
Sep 21 18:50:00 localhost kernel: Unknown kernel command line parameters "rhgb BOOT_IMAGE=(hd0,gpt2)/vmlinuz-5.14.0-604.el9.aarch64", will be passed to user space.
Sep 21 18:50:00 localhost kernel: random: crng init done
Sep 21 18:50:00 localhost kernel: Dentry cache hash table entries: 524288 (order: 10, 4194304 bytes, linear)
Sep 21 18:50:00 localhost kernel: Inode-cache hash table entries: 262144 (order: 9, 2097152 bytes, linear)
Sep 21 18:50:00 localhost kernel: Fallback order for Node 0: 0 
Sep 21 18:50:00 localhost kernel: Built 1 zonelists, mobility grouping on.  Total pages: 774108
Sep 21 18:50:00 localhost kernel: Policy zone: DMA
Sep 21 18:50:00 localhost kernel: mem auto-init: stack:off, heap alloc:off, heap free:off
Sep 21 18:50:00 localhost kernel: software IO TLB: SWIOTLB bounce buffer size adjusted to 3MB
Sep 21 18:50:00 localhost kernel: software IO TLB: area num 1.
Sep 21 18:50:00 localhost kernel: software IO TLB: SWIOTLB bounce buffer size roundup to 4MB
Sep 21 18:50:00 localhost kernel: software IO TLB: mapped [mem 0x00000000b8d11000-0x00000000b9111000] (4MB)
Sep 21 18:50:00 localhost kernel: SLUB: HWalign=64, Order=0-3, MinObjects=0, CPUs=1, Nodes=1
Sep 21 18:50:00 localhost kernel: ftrace: allocating 50132 entries in 196 pages
Sep 21 18:50:00 localhost kernel: ftrace: allocated 196 pages with 3 groups
Sep 21 18:50:00 localhost kernel: trace event string verifier disabled
Sep 21 18:50:00 localhost kernel: Dynamic Preempt: voluntary
Sep 21 18:50:00 localhost kernel: rcu: Preemptible hierarchical RCU implementation.
Sep 21 18:50:00 localhost kernel: rcu: #011RCU event tracing is enabled.
Sep 21 18:50:00 localhost kernel: rcu: #011RCU restricting CPUs from NR_CPUS=4096 to nr_cpu_ids=1.
Sep 21 18:50:00 localhost kernel: #011Trampoline variant of Tasks RCU enabled.
Sep 21 18:50:00 localhost kernel: #011Rude variant of Tasks RCU enabled.
Sep 21 18:50:00 localhost kernel: #011Tracing variant of Tasks RCU enabled.
Sep 21 18:50:00 localhost kernel: rcu: RCU calculated value of scheduler-enlistment delay is 10 jiffies.
Sep 21 18:50:00 localhost kernel: rcu: Adjusting geometry for rcu_fanout_leaf=16, nr_cpu_ids=1
Sep 21 18:50:00 localhost kernel: RCU Tasks: Setting shift to 0 and lim to 1 rcu_task_cb_adjust=1 rcu_task_cpu_ids=1.
Sep 21 18:50:00 localhost kernel: RCU Tasks Rude: Setting shift to 0 and lim to 1 rcu_task_cb_adjust=1 rcu_task_cpu_ids=1.
Sep 21 18:50:00 localhost kernel: RCU Tasks Trace: Setting shift to 0 and lim to 1 rcu_task_cb_adjust=1 rcu_task_cpu_ids=1.
Sep 21 18:50:00 localhost kernel: NR_IRQS: 64, nr_irqs: 64, preallocated irqs: 0
Sep 21 18:50:00 localhost kernel: GICv3: 960 SPIs implemented
Sep 21 18:50:00 localhost kernel: GICv3: 0 Extended SPIs implemented
Sep 21 18:50:00 localhost kernel: Root IRQ handler: gic_handle_irq
Sep 21 18:50:00 localhost kernel: GICv3: GICv3 features: 16 PPIs, RSS
Sep 21 18:50:00 localhost kernel: GICv3: GICD_CTRL.DS=0, SCR_EL3.FIQ=0
Sep 21 18:50:00 localhost kernel: GICv3: CPU0: found redistributor 0 region 0:0x00000000effee000
Sep 21 18:50:00 localhost kernel: ITS: No ITS available, not enabling LPIs
Sep 21 18:50:00 localhost kernel: rcu: srcu_init: Setting srcu_struct sizes based on contention.
Sep 21 18:50:00 localhost kernel: arch_timer: cp15 timer(s) running at 19.20MHz (virt).
Sep 21 18:50:00 localhost kernel: clocksource: arch_sys_counter: mask: 0xffffffffffffff max_cycles: 0x46d987e47, max_idle_ns: 440795202767 ns
Sep 21 18:50:00 localhost kernel: sched_clock: 56 bits at 19MHz, resolution 52ns, wraps every 4398046511078ns
Sep 21 18:50:00 localhost kernel: kfence: initialized - using 2097152 bytes for 255 objects at 0x(____ptrval____)-0x(____ptrval____)
Sep 21 18:50:00 localhost kernel: Console: colour dummy device 80x25
Sep 21 18:50:00 localhost kernel: printk: legacy console [tty0] enabled
Sep 21 18:50:00 localhost kernel: ACPI: Core revision 20230331
Sep 21 18:50:00 localhost kernel: Calibrating delay loop (skipped), value calculated using timer frequency.. 38.40 BogoMIPS (lpj=192000)
Sep 21 18:50:00 localhost kernel: pid_max: default: 32768 minimum: 301
Sep 21 18:50:00 localhost kernel: LSM: initializing lsm=lockdown,capability,landlock,yama,integrity,selinux,bpf
Sep 21 18:50:00 localhost kernel: landlock: Up and running.
Sep 21 18:50:00 localhost kernel: Yama: becoming mindful.
Sep 21 18:50:00 localhost kernel: SELinux:  Initializing.
Sep 21 18:50:00 localhost kernel: LSM support for eBPF active
Sep 21 18:50:00 localhost kernel: Mount-cache hash table entries: 8192 (order: 4, 65536 bytes, linear)
Sep 21 18:50:00 localhost kernel: Mountpoint-cache hash table entries: 8192 (order: 4, 65536 bytes, linear)
Sep 21 18:50:00 localhost kernel: Hyper-V: privilege flags low 0x2e7f, high 0x3b8030, hints 0x80000e, misc 0x31e1
Sep 21 18:50:00 localhost kernel: Hyper-V: Host Build 10.0.26100.6584-6-0
Sep 21 18:50:00 localhost kernel: Hyper-V: enabling crash_kexec_post_notifiers
Sep 21 18:50:00 localhost kernel: rcu: Hierarchical SRCU implementation.
Sep 21 18:50:00 localhost kernel: rcu: #011Max phase no-delay instances is 1000.
Sep 21 18:50:00 localhost kernel: Remapping and enabling EFI services.
Sep 21 18:50:00 localhost kernel: smp: Bringing up secondary CPUs ...
Sep 21 18:50:00 localhost kernel: smp: Brought up 1 node, 1 CPU
Sep 21 18:50:00 localhost kernel: SMP: Total of 1 processors activated.
Sep 21 18:50:00 localhost kernel: CPU: All CPU(s) started at EL1
Sep 21 18:50:00 localhost kernel: CPU features: detected: Instruction cache invalidation not required for I/D coherence
Sep 21 18:50:00 localhost kernel: CPU features: detected: Data cache clean to the PoU not required for I/D coherence
Sep 21 18:50:00 localhost kernel: CPU features: detected: Common not Private translations
Sep 21 18:50:00 localhost kernel: CPU features: detected: CRC32 instructions
Sep 21 18:50:00 localhost kernel: CPU features: detected: Data cache clean to Point of Deep Persistence
Sep 21 18:50:00 localhost kernel: CPU features: detected: Data cache clean to Point of Persistence
Sep 21 18:50:00 localhost kernel: CPU features: detected: RCpc load-acquire (LDAPR)
Sep 21 18:50:00 localhost kernel: CPU features: detected: LSE atomic instructions
Sep 21 18:50:00 localhost kernel: CPU features: detected: Privileged Access Never
Sep 21 18:50:00 localhost kernel: CPU features: detected: Random Number Generator
Sep 21 18:50:00 localhost kernel: CPU features: detected: Speculation barrier (SB)
Sep 21 18:50:00 localhost kernel: CPU features: detected: TLB range maintenance instructions
Sep 21 18:50:00 localhost kernel: CPU features: detected: Speculative Store Bypassing Safe (SSBS)
Sep 21 18:50:00 localhost kernel: alternatives: applying system-wide alternatives
Sep 21 18:50:00 localhost kernel: Memory: 2719100K/3145584K available (14080K kernel code, 5618K rwdata, 13120K rodata, 7296K init, 11192K bss, 422204K reserved, 0K cma-reserved)
Sep 21 18:50:00 localhost kernel: devtmpfs: initialized
Sep 21 18:50:00 localhost kernel: clocksource: jiffies: mask: 0xffffffff max_cycles: 0xffffffff, max_idle_ns: 19112604462750000 ns
Sep 21 18:50:00 localhost kernel: futex hash table entries: 256 (order: 2, 16384 bytes, linear)
Sep 21 18:50:00 localhost kernel: pinctrl core: initialized pinctrl subsystem
Sep 21 18:50:00 localhost kernel: SMBIOS 3.1.0 present.
Sep 21 18:50:00 localhost kernel: DMI: Microsoft Corporation Virtual Machine/Virtual Machine, BIOS Hyper-V UEFI Release v4.1 11/21/2024
Sep 21 18:50:00 localhost kernel: NET: Registered PF_NETLINK/PF_ROUTE protocol family
Sep 21 18:50:00 localhost kernel: DMA: preallocated 512 KiB GFP_KERNEL pool for atomic allocations
Sep 21 18:50:00 localhost kernel: DMA: preallocated 512 KiB GFP_KERNEL|GFP_DMA pool for atomic allocations
Sep 21 18:50:00 localhost kernel: DMA: preallocated 512 KiB GFP_KERNEL|GFP_DMA32 pool for atomic allocations
Sep 21 18:50:00 localhost kernel: audit: initializing netlink subsys (disabled)
Sep 21 18:50:00 localhost kernel: thermal_sys: Registered thermal governor 'fair_share'
Sep 21 18:50:00 localhost kernel: thermal_sys: Registered thermal governor 'step_wise'
Sep 21 18:50:00 localhost kernel: thermal_sys: Registered thermal governor 'user_space'
Sep 21 18:50:00 localhost kernel: cpuidle: using governor menu
Sep 21 18:50:00 localhost kernel: hw-breakpoint: found 6 breakpoint and 4 watchpoint registers.
Sep 21 18:50:00 localhost kernel: ASID allocator initialised with 32768 entries
Sep 21 18:50:00 localhost kernel: acpiphp: ACPI Hot Plug PCI Controller Driver version: 0.5
Sep 21 18:50:00 localhost kernel: Serial: AMBA PL011 UART driver
Sep 21 18:50:00 localhost kernel: Modules: 2G module region forced by RANDOMIZE_MODULE_REGION_FULL
Sep 21 18:50:00 localhost kernel: Modules: 0 pages in range for non-PLT usage
Sep 21 18:50:00 localhost kernel: Modules: 511392 pages in range for PLT usage
Sep 21 18:50:00 localhost kernel: audit: type=2000 audit(13.620:1): state=initialized audit_enabled=0 res=1
Sep 21 18:50:00 localhost kernel: HugeTLB: registered 1.00 GiB page size, pre-allocated 0 pages
Sep 21 18:50:00 localhost kernel: HugeTLB: 0 KiB vmemmap can be freed for a 1.00 GiB page
Sep 21 18:50:00 localhost kernel: HugeTLB: registered 32.0 MiB page size, pre-allocated 0 pages
Sep 21 18:50:00 localhost kernel: HugeTLB: 0 KiB vmemmap can be freed for a 32.0 MiB page
Sep 21 18:50:00 localhost kernel: HugeTLB: registered 2.00 MiB page size, pre-allocated 0 pages
Sep 21 18:50:00 localhost kernel: HugeTLB: 0 KiB vmemmap can be freed for a 2.00 MiB page
Sep 21 18:50:00 localhost kernel: HugeTLB: registered 64.0 KiB page size, pre-allocated 0 pages
Sep 21 18:50:00 localhost kernel: HugeTLB: 0 KiB vmemmap can be freed for a 64.0 KiB page
Sep 21 18:50:00 localhost kernel: Demotion targets for Node 0: null
Sep 21 18:50:00 localhost kernel: cryptd: max_cpu_qlen set to 1000
Sep 21 18:50:00 localhost kernel: ACPI: Added _OSI(Module Device)
Sep 21 18:50:00 localhost kernel: ACPI: Added _OSI(Processor Device)
Sep 21 18:50:00 localhost kernel: ACPI: Added _OSI(3.0 _SCP Extensions)
Sep 21 18:50:00 localhost kernel: ACPI: Added _OSI(Processor Aggregator Device)
Sep 21 18:50:00 localhost kernel: ACPI: 1 ACPI AML tables successfully acquired and loaded
Sep 21 18:50:00 localhost kernel: ACPI: Interpreter enabled
Sep 21 18:50:00 localhost kernel: ACPI: Using GIC for interrupt routing
Sep 21 18:50:00 localhost kernel: iommu: Default domain type: Translated
Sep 21 18:50:00 localhost kernel: iommu: DMA domain TLB invalidation policy: lazy mode
Sep 21 18:50:00 localhost kernel: SCSI subsystem initialized
Sep 21 18:50:00 localhost kernel: ACPI: bus type USB registered
Sep 21 18:50:00 localhost kernel: usbcore: registered new interface driver usbfs
Sep 21 18:50:00 localhost kernel: usbcore: registered new interface driver hub
Sep 21 18:50:00 localhost kernel: usbcore: registered new device driver usb
Sep 21 18:50:00 localhost kernel: pps_core: LinuxPPS API ver. 1 registered
Sep 21 18:50:00 localhost kernel: pps_core: Software ver. 5.3.6 - Copyright 2005-2007 Rodolfo Giometti <giometti@linux.it>
Sep 21 18:50:00 localhost kernel: PTP clock support registered
Sep 21 18:50:00 localhost kernel: EDAC MC: Ver: 3.0.0
Sep 21 18:50:00 localhost kernel: scmi_core: SCMI protocol bus registered
Sep 21 18:50:00 localhost kernel: Registered efivars operations
Sep 21 18:50:00 localhost kernel: NetLabel: Initializing
Sep 21 18:50:00 localhost kernel: NetLabel:  domain hash size = 128
Sep 21 18:50:00 localhost kernel: NetLabel:  protocols = UNLABELED CIPSOv4 CALIPSO
Sep 21 18:50:00 localhost kernel: NetLabel:  unlabeled traffic allowed by default
Sep 21 18:50:00 localhost kernel: vgaarb: loaded
Sep 21 18:50:00 localhost kernel: clocksource: Switched to clocksource arch_sys_counter
Sep 21 18:50:00 localhost kernel: VFS: Disk quotas dquot_6.6.0
Sep 21 18:50:00 localhost kernel: VFS: Dquot-cache hash table entries: 512 (order 0, 4096 bytes)
Sep 21 18:50:00 localhost kernel: pnp: PnP ACPI init
Sep 21 18:50:00 localhost kernel: pnp: PnP ACPI: found 0 devices
Sep 21 18:50:00 localhost kernel: NET: Registered PF_INET protocol family
Sep 21 18:50:00 localhost kernel: IP idents hash table entries: 65536 (order: 7, 524288 bytes, linear)
Sep 21 18:50:00 localhost kernel: tcp_listen_portaddr_hash hash table entries: 2048 (order: 3, 32768 bytes, linear)
Sep 21 18:50:00 localhost kernel: Table-perturb hash table entries: 65536 (order: 6, 262144 bytes, linear)
Sep 21 18:50:00 localhost kernel: TCP established hash table entries: 32768 (order: 6, 262144 bytes, linear)
Sep 21 18:50:00 localhost kernel: TCP bind hash table entries: 32768 (order: 7, 524288 bytes, linear)
Sep 21 18:50:00 localhost kernel: TCP: Hash tables configured (established 32768 bind 32768)
Sep 21 18:50:00 localhost kernel: MPTCP token hash table entries: 4096 (order: 4, 98304 bytes, linear)
Sep 21 18:50:00 localhost kernel: UDP hash table entries: 2048 (order: 4, 65536 bytes, linear)
Sep 21 18:50:00 localhost kernel: UDP-Lite hash table entries: 2048 (order: 4, 65536 bytes, linear)
Sep 21 18:50:00 localhost kernel: NET: Registered PF_UNIX/PF_LOCAL protocol family
Sep 21 18:50:00 localhost kernel: NET: Registered PF_XDP protocol family
Sep 21 18:50:00 localhost kernel: PCI: CLS 0 bytes, default 64
Sep 21 18:50:00 localhost kernel: Trying to unpack rootfs image as initramfs...
Sep 21 18:50:00 localhost kernel: ACPI: bus type thunderbolt registered
Sep 21 18:50:00 localhost kernel: kvm [1]: HYP mode not available
Sep 21 18:50:00 localhost kernel: Initialise system trusted keyrings
Sep 21 18:50:00 localhost kernel: Key type blacklist registered
Sep 21 18:50:00 localhost kernel: workingset: timestamp_bits=38 max_order=20 bucket_order=0
Sep 21 18:50:00 localhost kernel: zbud: loaded
Sep 21 18:50:00 localhost kernel: integrity: Platform Keyring initialized
Sep 21 18:50:00 localhost kernel: integrity: Machine keyring initialized
Sep 21 18:50:00 localhost kernel: Freeing initrd memory: 36312K
Sep 21 18:50:00 localhost kernel: NET: Registered PF_ALG protocol family
Sep 21 18:50:00 localhost kernel: xor: measuring software checksum speed
Sep 21 18:50:00 localhost kernel:   8regs           :   303 MB/sec
Sep 21 18:50:00 localhost kernel:   32regs          :   108 MB/sec
Sep 21 18:50:00 localhost kernel:   arm64_neon      :  3426 MB/sec
Sep 21 18:50:00 localhost kernel: xor: using function: arm64_neon (3426 MB/sec)
Sep 21 18:50:00 localhost kernel: Key type asymmetric registered
Sep 21 18:50:00 localhost kernel: Asymmetric key parser 'x509' registered
Sep 21 18:50:00 localhost kernel: Block layer SCSI generic (bsg) driver version 0.4 loaded (major 246)
Sep 21 18:50:00 localhost kernel: io scheduler mq-deadline registered
Sep 21 18:50:00 localhost kernel: io scheduler kyber registered
Sep 21 18:50:00 localhost kernel: io scheduler bfq registered
Sep 21 18:50:00 localhost kernel: atomic64_test: passed
Sep 21 18:50:00 localhost kernel: ACPI: AC: AC Adapter [AC1] (off-line)
Sep 21 18:50:00 localhost kernel: Serial: 8250/16550 driver, 4 ports, IRQ sharing enabled
Sep 21 18:50:00 localhost kernel: rdac: device handler registered
Sep 21 18:50:00 localhost kernel: hp_sw: device handler registered
Sep 21 18:50:00 localhost kernel: emc: device handler registered
Sep 21 18:50:00 localhost kernel: alua: device handler registered
Sep 21 18:50:00 localhost kernel: usbcore: registered new interface driver usbserial_generic
Sep 21 18:50:00 localhost kernel: usbserial: USB Serial support registered for generic
Sep 21 18:50:00 localhost kernel: mousedev: PS/2 mouse device common for all mice
Sep 21 18:50:00 localhost kernel: ACPI: battery: Slot [BAT1] (battery present)
Sep 21 18:50:00 localhost kernel: rtc-efi rtc-efi.0: registered as rtc0
Sep 21 18:50:00 localhost kernel: rtc-efi rtc-efi.0: setting system clock to 2025-09-21T16:49:44 UTC (1758473384)
Sep 21 18:50:00 localhost kernel: simple-framebuffer simple-framebuffer.0: framebuffer at 0xe0000000, 0x300000 bytes
Sep 21 18:50:00 localhost kernel: simple-framebuffer simple-framebuffer.0: format=x8r8g8b8, mode=1024x768x32, linelength=4096
Sep 21 18:50:00 localhost kernel: Console: switching to colour frame buffer device 128x48
Sep 21 18:50:00 localhost kernel: simple-framebuffer simple-framebuffer.0: fb0: simplefb registered!
Sep 21 18:50:00 localhost kernel: SMCCC: SOC_ID: ARCH_SOC_ID not implemented, skipping ....
Sep 21 18:50:00 localhost kernel: hid: raw HID events driver (C) Jiri Kosina
Sep 21 18:50:00 localhost kernel: usbcore: registered new interface driver usbhid
Sep 21 18:50:00 localhost kernel: usbhid: USB HID core driver
Sep 21 18:50:00 localhost kernel: hw perfevents: enabled with armv8_pmuv3_0 PMU driver, 7 (0,8000003f) counters available
Sep 21 18:50:00 localhost kernel: drop_monitor: Initializing network drop monitor service
Sep 21 18:50:00 localhost kernel: Initializing XFRM netlink socket
Sep 21 18:50:00 localhost kernel: NET: Registered PF_INET6 protocol family
Sep 21 18:50:00 localhost kernel: Segment Routing with IPv6
Sep 21 18:50:00 localhost kernel: NET: Registered PF_PACKET protocol family
Sep 21 18:50:00 localhost kernel: mpls_gso: MPLS GSO support
Sep 21 18:50:00 localhost kernel: registered taskstats version 1
Sep 21 18:50:00 localhost kernel: Loading compiled-in X.509 certificates
Sep 21 18:50:00 localhost kernel: Loaded X.509 cert 'The CentOS Project: CentOS Stream kernel signing key: 98c124edc16fbbfeb3bd88aa7856491d1cca8058'
Sep 21 18:50:00 localhost kernel: Loaded X.509 cert 'Red Hat Enterprise Linux Driver Update Program (key 3): bf57f3e87362bc7229d9f465321773dfd1f77a80'
Sep 21 18:50:00 localhost kernel: Loaded X.509 cert 'Red Hat Enterprise Linux kpatch signing key: 4d38fd864ebe18c5f0b72e3852e2014c3a676fc8'
Sep 21 18:50:00 localhost kernel: Loaded X.509 cert 'RH-IMA-CA: Red Hat IMA CA: fb31825dd0e073685b264e3038963673f753959a'
Sep 21 18:50:00 localhost kernel: Loaded X.509 cert 'Nvidia GPU OOT signing 001: 55e1cef88193e60419f0b0ec379c49f77545acf0'
Sep 21 18:50:00 localhost kernel: Demotion targets for Node 0: null
Sep 21 18:50:00 localhost kernel: page_owner is disabled
Sep 21 18:50:00 localhost kernel: Key type .fscrypt registered
Sep 21 18:50:00 localhost kernel: Key type fscrypt-provisioning registered
Sep 21 18:50:00 localhost kernel: Key type big_key registered
Sep 21 18:50:00 localhost kernel: Key type encrypted registered
Sep 21 18:50:00 localhost kernel: integrity: Loading X.509 certificate: UEFI:db
Sep 21 18:50:00 localhost kernel: integrity: Loaded X.509 cert 'Microsoft Corporation UEFI CA 2011: 13adbf4309bd82709c8cd54f316ed522988a1bd4'
Sep 21 18:50:00 localhost kernel: integrity: Loading X.509 certificate: UEFI:db
Sep 21 18:50:00 localhost kernel: integrity: Loaded X.509 cert 'Microsoft UEFI CA 2023: 81aa6b3244c935bce0d6628af39827421e32497d'
Sep 21 18:50:00 localhost kernel: integrity: Loading X.509 certificate: UEFI:db
Sep 21 18:50:00 localhost kernel: integrity: Loaded X.509 cert 'Microsoft Corporation: Azure Services Linux Kmod PCA: 697cc4f41a2209a7abd0604c1f196f4d8c5735d9'
Sep 21 18:50:00 localhost kernel: integrity: Loading X.509 certificate: UEFI:MokListRT
Sep 21 18:50:00 localhost kernel: integrity: Loaded X.509 cert 'CentOS Secure Boot (key 1): f037c6eaec36d4057a526c0ec6d5a95b324ee129'
Sep 21 18:50:00 localhost kernel: ima: secureboot mode disabled
Sep 21 18:50:00 localhost kernel: ima: No TPM chip found, activating TPM-bypass!
Sep 21 18:50:00 localhost kernel: Loading compiled-in module X.509 certificates
Sep 21 18:50:00 localhost kernel: Loaded X.509 cert 'The CentOS Project: CentOS Stream kernel signing key: 98c124edc16fbbfeb3bd88aa7856491d1cca8058'
Sep 21 18:50:00 localhost kernel: ima: Allocated hash algorithm: sha256
Sep 21 18:50:00 localhost kernel: ima: No architecture policies found
Sep 21 18:50:00 localhost kernel: evm: Initialising EVM extended attributes:
Sep 21 18:50:00 localhost kernel: evm: security.selinux
Sep 21 18:50:00 localhost kernel: evm: security.SMACK64 (disabled)
Sep 21 18:50:00 localhost kernel: evm: security.SMACK64EXEC (disabled)
Sep 21 18:50:00 localhost kernel: evm: security.SMACK64TRANSMUTE (disabled)
Sep 21 18:50:00 localhost kernel: evm: security.SMACK64MMAP (disabled)
Sep 21 18:50:00 localhost kernel: evm: security.apparmor (disabled)
Sep 21 18:50:00 localhost kernel: evm: security.ima
Sep 21 18:50:00 localhost kernel: evm: security.capability
Sep 21 18:50:00 localhost kernel: evm: HMAC attrs: 0x1
Sep 21 18:50:00 localhost kernel: Running certificate verification RSA selftest
Sep 21 18:50:00 localhost kernel: Loaded X.509 cert 'Certificate verification self-testing key: f58703bb33ce1b73ee02eccdee5b8817518fe3db'
Sep 21 18:50:00 localhost kernel: Running certificate verification ECDSA selftest
Sep 21 18:50:00 localhost kernel: Loaded X.509 cert 'Certificate verification ECDSA self-testing key: 2900bcea1deb7bc8479a84a23d758efdfdd2b2d3'
Sep 21 18:50:00 localhost kernel: clk: Disabling unused clocks
Sep 21 18:50:00 localhost kernel: Freeing unused kernel memory: 7296K
Sep 21 18:50:00 localhost kernel: Checked W+X mappings: passed, no W+X pages found
Sep 21 18:50:00 localhost kernel: Run /init as init process
Sep 21 18:50:00 localhost systemd: systemd 252-53.el9 running in system mode (+PAM +AUDIT +SELINUX -APPARMOR +IMA +SMACK +SECCOMP +GCRYPT +GNUTLS +OPENSSL +ACL +BLKID +CURL +ELFUTILS +FIDO2 +IDN2 -IDN -IPTC +KMOD +LIBCRYPTSETUP +LIBFDISK +PCRE2 -PWQUALITY +P11KIT -QRENCODE +TPM2 +BZIP2 +LZ4 +XZ +ZLIB +ZSTD -BPF_FRAMEWORK +XKBCOMMON +UTMP +SYSVINIT default-hierarchy=unified)
Sep 21 18:50:00 localhost systemd: Detected virtualization microsoft.
Sep 21 18:50:00 localhost systemd: Detected architecture arm64.
Sep 21 18:50:00 localhost systemd: Running in initrd.
Sep 21 18:50:00 localhost systemd: No hostname configured, using default hostname.
Sep 21 18:50:00 localhost systemd: Hostname set to <localhost>.
Sep 21 18:50:00 localhost systemd: Queued start job for default target Initrd Default Target.
Sep 21 18:50:00 localhost systemd: Reached target Initrd /usr File System.
Sep 21 18:50:00 localhost systemd: Reached target Local File Systems.
Sep 21 18:50:00 localhost systemd: Reached target Slice Units.
Sep 21 18:50:00 localhost systemd: Reached target Swaps.
Sep 21 18:50:00 localhost systemd: Reached target Timer Units.
Sep 21 18:50:00 localhost systemd: Listening on D-Bus System Message Bus Socket.
Sep 21 18:50:00 localhost systemd: Listening on Journal Socket (/dev/log).
Sep 21 18:50:00 localhost systemd: Listening on Journal Socket.
Sep 21 18:50:00 localhost systemd: Listening on udev Control Socket.
Sep 21 18:50:00 localhost systemd: Listening on udev Kernel Socket.
Sep 21 18:50:00 localhost systemd: Reached target Socket Units.
Sep 21 18:50:00 localhost systemd: Starting Create List of Static Device Nodes...
Sep 21 18:50:00 localhost systemd: Starting Journal Service...
Sep 21 18:50:00 localhost systemd: Load Kernel Modules was skipped because no trigger condition checks were met.
Sep 21 18:50:00 localhost systemd: Starting Apply Kernel Variables...
Sep 21 18:50:00 localhost systemd: Starting Create System Users...
Sep 21 18:50:00 localhost systemd: Starting Setup Virtual Console...
Sep 21 18:50:00 localhost systemd: Finished Create List of Static Device Nodes.
Sep 21 18:50:00 localhost systemd: Finished Apply Kernel Variables.
Sep 21 18:50:00 localhost systemd-journald[192]: Journal started
Sep 21 18:50:00 localhost systemd-journald[192]: Runtime Journal (/run/log/journal/bb432c39db82430a9beeee29ec2120ab) is 6.7M, max 54.0M, 47.2M free.
Sep 21 18:50:00 localhost systemd-sysusers[195]: Creating group 'nobody' with GID 65534.
Sep 21 18:50:01 localhost systemd-sysusers[195]: Creating group 'users' with GID 100.
Sep 21 18:50:01 localhost systemd-sysusers[195]: Creating group 'dbus' with GID 81.
Sep 21 18:50:01 localhost systemd: Started Journal Service.
Sep 21 18:50:01 localhost systemd-sysusers[195]: Creating user 'dbus' (System Message Bus) with UID 81 and GID 81.
Sep 21 18:50:01 localhost systemd[1]: Finished Create System Users.
Sep 21 18:50:01 localhost systemd[1]: Starting Create Static Device Nodes in /dev...
Sep 21 18:50:01 localhost systemd[1]: Starting Create Volatile Files and Directories...
Sep 21 18:50:02 localhost systemd[1]: Finished Create Static Device Nodes in /dev.
Sep 21 18:50:02 localhost systemd[1]: Finished Create Volatile Files and Directories.
Sep 21 18:50:03 localhost systemd[1]: Finished Setup Virtual Console.
Sep 21 18:50:03 localhost systemd[1]: dracut ask for additional cmdline parameters was skipped because no trigger condition checks were met.
Sep 21 18:50:03 localhost systemd[1]: Starting dracut cmdline hook...
Sep 21 18:50:03 localhost dracut-cmdline[207]: dracut-9 dracut-057-101.git20250808.el9
Sep 21 18:50:04 localhost dracut-cmdline[207]: Using kernel command line parameters:    BOOT_IMAGE=(hd0,gpt2)/vmlinuz-5.14.0-604.el9.aarch64 root=/dev/mapper/cs-root ro crashkernel=1G-4G:256M,4G-64G:320M,64G-:576M rd.lvm.lv=cs/root rd.lvm.lv=cs/swap rhgb quiet
Sep 21 18:50:06 localhost systemd[1]: Finished dracut cmdline hook.
Sep 21 18:50:06 localhost systemd[1]: Starting dracut pre-udev hook...
Sep 21 18:50:07 localhost kernel: device-mapper: core: CONFIG_IMA_DISABLE_HTABLE is disabled. Duplicate IMA measurements will not be recorded in the IMA log.
Sep 21 18:50:07 localhost kernel: device-mapper: uevent: version 1.0.3
Sep 21 18:50:07 localhost kernel: device-mapper: ioctl: 4.50.0-ioctl (2025-04-28) initialised: dm-devel@lists.linux.dev
Sep 21 18:50:07 localhost systemd[1]: Finished dracut pre-udev hook.
Sep 21 18:50:07 localhost systemd[1]: Starting Rule-based Manager for Device Events and Files...
Sep 21 18:50:08 localhost systemd-udevd[322]: Using default interface naming scheme 'rhel-9.0'.
Sep 21 18:50:08 localhost systemd[1]: Started Rule-based Manager for Device Events and Files.
Sep 21 18:50:08 localhost systemd[1]: dracut pre-trigger hook was skipped because no trigger condition checks were met.
Sep 21 18:50:08 localhost systemd[1]: Starting Coldplug All udev Devices...
Sep 21 18:50:10 localhost systemd[1]: Created slice Slice /system/modprobe.
Sep 21 18:50:10 localhost systemd[1]: Starting Load Kernel Module configfs...
Sep 21 18:50:10 localhost systemd[1]: Finished Coldplug All udev Devices.
Sep 21 18:50:10 localhost systemd[1]: nm-initrd.service was skipped because of an unmet condition check (ConditionPathExists=/run/NetworkManager/initrd/neednet).
Sep 21 18:50:10 localhost systemd[1]: Reached target Network.
Sep 21 18:50:10 localhost systemd[1]: nm-wait-online-initrd.service was skipped because of an unmet condition check (ConditionPathExists=/run/NetworkManager/initrd/neednet).
Sep 21 18:50:11 localhost systemd[1]: Starting dracut initqueue hook...
Sep 21 18:50:11 localhost systemd[1]: Starting Show Plymouth Boot Screen...
Sep 21 18:50:11 localhost systemd[1]: modprobe@configfs.service: Deactivated successfully.
Sep 21 18:50:11 localhost systemd[1]: Finished Load Kernel Module configfs.
Sep 21 18:50:11 localhost systemd[1]: Mounting Kernel Configuration File System...
Sep 21 18:50:11 localhost systemd[1]: Received SIGRTMIN+20 from PID 338 (plymouthd).
Sep 21 18:50:11 localhost systemd[1]: Mounted Kernel Configuration File System.
Sep 21 18:50:11 localhost systemd[1]: Reached target System Initialization.
Sep 21 18:50:12 localhost systemd[1]: Started Show Plymouth Boot Screen.
Sep 21 18:50:12 localhost systemd[1]: Dispatch Password Requests to Console Directory Watch was skipped because of an unmet condition check (ConditionPathExists=!/run/plymouth/pid).
Sep 21 18:50:12 localhost systemd[1]: Started Forward Password Requests to Plymouth Directory Watch.
Sep 21 18:50:12 localhost systemd[1]: Reached target Path Units.
Sep 21 18:50:12 localhost systemd[1]: Reached target Basic System.
Sep 21 18:50:17 localhost kernel: hv_vmbus: Vmbus version:5.3
Sep 21 18:50:18 localhost kernel: hv_vmbus: registering driver hyperv_keyboard
Sep 21 18:50:18 localhost kernel: input: AT Translated Set 2 keyboard as /devices/LNXSYSTM:00/LNXSYBUS:00/ACPI0004:00/MSFT1000:00/d34b2567-b9b6-42b9-8778-0a4ec0b955bf/serio0/input/input0
Sep 21 18:50:18 localhost kernel: hv_vmbus: registering driver hid_hyperv
Sep 21 18:50:19 localhost kernel: input: Microsoft Vmbus HID-compliant Mouse as /devices/0006:045E:0621.0001/input/input1
Sep 21 18:50:19 localhost kernel: hid-hyperv 0006:045E:0621.0001: input: VIRTUAL HID v0.01 Mouse [Microsoft Vmbus HID-compliant Mouse] on 
Sep 21 18:50:20 localhost kernel: hv_vmbus: registering driver hv_netvsc
Sep 21 18:50:20 localhost kernel: hv_vmbus: registering driver hv_storvsc
Sep 21 18:50:21 localhost kernel: scsi host0: storvsc_host_t
Sep 21 18:50:21 localhost kernel: scsi 0:0:0:0: Direct-Access     Msft     Virtual Disk     1.0  PQ: 0 ANSI: 5
Sep 21 18:50:22 localhost kernel: scsi 0:0:0:1: CD-ROM            Msft     Virtual DVD-ROM  1.0  PQ: 0 ANSI: 0
Sep 21 18:50:23 localhost kernel: sd 0:0:0:0: [sda] 266338304 512-byte logical blocks: (136 GB/127 GiB)
Sep 21 18:50:23 localhost kernel: sd 0:0:0:0: [sda] 4096-byte physical blocks
Sep 21 18:50:23 localhost kernel: sd 0:0:0:0: [sda] Write Protect is off
Sep 21 18:50:23 localhost kernel: sd 0:0:0:0: [sda] Write cache: enabled, read cache: enabled, doesn't support DPO or FUA
Sep 21 18:50:23 localhost kernel: hv_storvsc ea3b7b83-e886-48a9-8e16-e97ab6b13679: tag#54 cmd 0x5a status: scsi 0x2 srb 0x86 host 0xc0000001
Sep 21 18:50:23 localhost kernel: hv_storvsc ea3b7b83-e886-48a9-8e16-e97ab6b13679: tag#61 cmd 0x5a status: scsi 0x2 srb 0x86 host 0xc0000001
Sep 21 18:50:24 localhost kernel: ACPI: bus type drm_connector registered
Sep 21 18:50:25 localhost kernel: sda: sda1 sda2 sda3
Sep 21 18:50:25 localhost kernel: sd 0:0:0:0: [sda] Attached SCSI disk
Sep 21 18:50:26 localhost kernel: sd 0:0:0:0: Attached scsi generic sg0 type 0
Sep 21 18:50:26 localhost kernel: scsi 0:0:0:1: Attached scsi generic sg1 type 5
Sep 21 18:50:26 localhost kernel: hv_vmbus: registering driver hyperv_drm
Sep 21 18:50:27 localhost kernel: hyperv_drm 5620e0c7-8062-4dce-aeb7-520c7ef76171: [drm] Synthvid Version major 3, minor 5
Sep 21 18:50:27 localhost kernel: Console: switching to colour dummy device 80x25
Sep 21 18:50:27 localhost kernel: [drm] Initialized hyperv_drm 1.0.0 for 5620e0c7-8062-4dce-aeb7-520c7ef76171 on minor 0
Sep 21 18:50:27 localhost kernel: Console: switching to colour frame buffer device 128x48
Sep 21 18:50:27 localhost kernel: hyperv_drm 5620e0c7-8062-4dce-aeb7-520c7ef76171: [drm] fb0: hyperv_drmdrmfb frame buffer device
Sep 21 18:50:28 localhost kernel: sr 0:0:0:1: [sr0] scsi-1 drive
Sep 21 18:50:28 localhost kernel: cdrom: Uniform CD-ROM driver Revision: 3.20
Sep 21 18:50:39 localhost dracut-initqueue[428]: Scanning devices sda3  for LVM logical volumes cs/root
Sep 21 18:50:39 localhost dracut-initqueue[428]: cs/swap
Sep 21 18:50:40 localhost dracut-initqueue[428]:  cs/root linear
Sep 21 18:50:40 localhost dracut-initqueue[428]:  cs/swap linear
Sep 21 18:50:42 localhost systemd[1]: Found device /dev/mapper/cs-root.
Sep 21 18:50:42 localhost systemd[1]: Reached target Initrd Root Device.
Sep 21 18:50:44 localhost systemd[1]: Finished dracut initqueue hook.
Sep 21 18:50:44 localhost systemd[1]: Reached target Preparation for Remote File Systems.
Sep 21 18:50:44 localhost systemd[1]: Reached target Remote File Systems.
Sep 21 18:50:44 localhost systemd[1]: dracut pre-mount hook was skipped because no trigger condition checks were met.
Sep 21 18:50:44 localhost systemd[1]: Starting File System Check on /dev/mapper/cs-root...
Sep 21 18:50:45 localhost systemd-fsck[473]: /usr/sbin/fsck.xfs: XFS file system.
Sep 21 18:50:45 localhost systemd[1]: Finished File System Check on /dev/mapper/cs-root.
Sep 21 18:50:45 localhost systemd[1]: Mounting /sysroot...
Sep 21 18:50:50 localhost kernel: SGI XFS with ACLs, security attributes, scrub, quota, no debug enabled
Sep 21 18:50:50 localhost kernel: XFS (dm-0): Mounting V5 Filesystem 8d8e2dcb-edc5-44d6-9a56-3291ce4ecc53
Sep 21 18:50:51 localhost kernel: XFS (dm-0): Starting recovery (logdev: internal)
Sep 21 18:50:52 localhost kernel: XFS (dm-0): Ending recovery (logdev: internal)
Sep 21 18:50:52 localhost systemd[1]: Mounted /sysroot.
Sep 21 18:50:52 localhost systemd[1]: Reached target Initrd Root File System.
Sep 21 18:50:52 localhost systemd[1]: Starting Mountpoints Configured in the Real Root...
Sep 21 18:50:53 localhost systemd[1]: initrd-parse-etc.service: Deactivated successfully.
Sep 21 18:50:53 localhost systemd[1]: Finished Mountpoints Configured in the Real Root.
Sep 21 18:50:53 localhost systemd[1]: Reached target Initrd File Systems.
Sep 21 18:50:53 localhost systemd[1]: Reached target Initrd Default Target.
Sep 21 18:50:53 localhost systemd[1]: dracut mount hook was skipped because no trigger condition checks were met.
Sep 21 18:50:53 localhost systemd[1]: Starting dracut pre-pivot and cleanup hook...
Sep 21 18:50:55 localhost systemd[1]: Finished dracut pre-pivot and cleanup hook.
Sep 21 18:50:55 localhost systemd[1]: Starting Cleaning Up and Shutting Down Daemons...
Sep 21 18:50:55 localhost systemd[1]: initrd-cleanup.service: Deactivated successfully.
Sep 21 18:50:55 localhost systemd[1]: Finished Cleaning Up and Shutting Down Daemons.
Sep 21 18:50:55 localhost systemd[1]: Stopped target Network.
Sep 21 18:50:55 localhost systemd[1]: Stopped target Timer Units.
Sep 21 18:50:55 localhost systemd[1]: dbus.socket: Deactivated successfully.
Sep 21 18:50:55 localhost systemd[1]: Closed D-Bus System Message Bus Socket.
Sep 21 18:50:55 localhost systemd[1]: dracut-pre-pivot.service: Deactivated successfully.
Sep 21 18:50:55 localhost systemd[1]: Stopped dracut pre-pivot and cleanup hook.
Sep 21 18:50:55 localhost systemd[1]: dracut-pre-pivot.service: Consumed 1.170s CPU time.
Sep 21 18:50:55 localhost systemd[1]: Stopped target Initrd Default Target.
Sep 21 18:50:55 localhost systemd[1]: Stopped target Basic System.
Sep 21 18:50:55 localhost systemd[1]: Stopped target Initrd Root Device.
Sep 21 18:50:55 localhost systemd[1]: Stopped target Initrd /usr File System.
Sep 21 18:50:55 localhost systemd[1]: Stopped target Path Units.
Sep 21 18:50:55 localhost systemd[1]: Stopped target Remote File Systems.
Sep 21 18:50:55 localhost systemd[1]: Stopped target Preparation for Remote File Systems.
Sep 21 18:50:55 localhost systemd[1]: Stopped target Slice Units.
Sep 21 18:50:55 localhost systemd[1]: Stopped target Socket Units.
Sep 21 18:50:55 localhost systemd[1]: Stopped target System Initialization.
Sep 21 18:50:55 localhost systemd[1]: Stopped target Local File Systems.
Sep 21 18:50:55 localhost systemd[1]: Stopped target Swaps.
Sep 21 18:50:55 localhost systemd[1]: dracut-initqueue.service: Deactivated successfully.
Sep 21 18:50:55 localhost systemd[1]: Stopped dracut initqueue hook.
Sep 21 18:50:55 localhost systemd[1]: dracut-initqueue.service: Consumed 2.653s CPU time.
Sep 21 18:50:56 localhost systemd[1]: Starting Plymouth switch root service...
Sep 21 18:50:56 localhost systemd[1]: systemd-sysctl.service: Deactivated successfully.
Sep 21 18:50:56 localhost systemd[1]: Stopped Apply Kernel Variables.
Sep 21 18:50:56 localhost systemd[1]: systemd-tmpfiles-setup.service: Deactivated successfully.
Sep 21 18:50:56 localhost systemd[1]: Stopped Create Volatile Files and Directories.
Sep 21 18:50:56 localhost systemd[1]: systemd-udev-trigger.service: Deactivated successfully.
Sep 21 18:50:56 localhost systemd[1]: Stopped Coldplug All udev Devices.
Sep 21 18:50:56 localhost systemd[1]: systemd-udev-trigger.service: Consumed 1.187s CPU time.
Sep 21 18:50:56 localhost systemd[1]: Stopping Rule-based Manager for Device Events and Files...
Sep 21 18:50:56 localhost systemd[1]: run-credentials-systemd\x2dtmpfiles\x2dsetup.service.mount: Deactivated successfully.
Sep 21 18:50:56 localhost systemd[1]: run-credentials-systemd\x2dsysctl.service.mount: Deactivated successfully.
Sep 21 18:50:56 localhost systemd[1]: systemd-udevd.service: Deactivated successfully.
Sep 21 18:50:56 localhost systemd[1]: Stopped Rule-based Manager for Device Events and Files.
Sep 21 18:50:56 localhost systemd[1]: systemd-udevd.service: Consumed 19.669s CPU time.
Sep 21 18:50:56 localhost systemd[1]: systemd-udevd-control.socket: Deactivated successfully.
Sep 21 18:50:56 localhost systemd[1]: Closed udev Control Socket.
Sep 21 18:50:56 localhost systemd[1]: systemd-udevd-kernel.socket: Deactivated successfully.
Sep 21 18:50:56 localhost systemd[1]: Closed udev Kernel Socket.
Sep 21 18:50:56 localhost systemd[1]: dracut-pre-udev.service: Deactivated successfully.
Sep 21 18:50:56 localhost systemd[1]: Stopped dracut pre-udev hook.
Sep 21 18:50:56 localhost systemd[1]: dracut-pre-udev.service: Consumed 1.046s CPU time.
Sep 21 18:50:56 localhost systemd[1]: dracut-cmdline.service: Deactivated successfully.
Sep 21 18:50:56 localhost systemd[1]: Stopped dracut cmdline hook.
Sep 21 18:50:56 localhost systemd[1]: dracut-cmdline.service: Consumed 3.073s CPU time.
Sep 21 18:50:56 localhost systemd[1]: Starting Cleanup udev Database...
Sep 21 18:50:56 localhost systemd[1]: systemd-tmpfiles-setup-dev.service: Deactivated successfully.
Sep 21 18:50:56 localhost systemd[1]: Stopped Create Static Device Nodes in /dev.
Sep 21 18:50:56 localhost systemd[1]: kmod-static-nodes.service: Deactivated successfully.
Sep 21 18:50:56 localhost systemd[1]: Stopped Create List of Static Device Nodes.
Sep 21 18:50:56 localhost systemd[1]: systemd-sysusers.service: Deactivated successfully.
Sep 21 18:50:56 localhost systemd[1]: Stopped Create System Users.
Sep 21 18:50:56 localhost systemd[1]: run-credentials-systemd\x2dtmpfiles\x2dsetup\x2ddev.service.mount: Deactivated successfully.
Sep 21 18:50:56 localhost systemd[1]: run-credentials-systemd\x2dsysusers.service.mount: Deactivated successfully.
Sep 21 18:50:57 localhost systemd[1]: initrd-udevadm-cleanup-db.service: Deactivated successfully.
Sep 21 18:50:57 localhost systemd[1]: Finished Cleanup udev Database.
Sep 21 18:50:57 localhost systemd[1]: Reached target Switch Root.
Sep 21 18:50:57 localhost systemd[1]: Finished Plymouth switch root service.
Sep 21 18:50:57 localhost systemd[1]: Starting Switch Root...
Sep 21 18:50:57 localhost systemd[1]: Switching root.
Sep 21 18:50:57 localhost systemd-journald[192]: Journal stopped
Sep 21 18:51:26 localhost systemd-journald: Received SIGTERM from PID 1 (systemd).
Sep 21 18:51:26 localhost kernel: audit: type=1404 audit(1758473462.099:2): enforcing=1 old_enforcing=0 auid=4294967295 ses=4294967295 enabled=1 old-enabled=1 lsm=selinux res=1
Sep 21 18:51:26 localhost kernel: SELinux:  policy capability network_peer_controls=1
Sep 21 18:51:26 localhost kernel: SELinux:  policy capability open_perms=1
Sep 21 18:51:26 localhost kernel: SELinux:  policy capability extended_socket_class=1
Sep 21 18:51:26 localhost kernel: SELinux:  policy capability always_check_network=0
Sep 21 18:51:26 localhost kernel: SELinux:  policy capability cgroup_seclabel=1
Sep 21 18:51:26 localhost kernel: SELinux:  policy capability nnp_nosuid_transition=1
Sep 21 18:51:26 localhost kernel: SELinux:  policy capability genfs_seclabel_symlinks=1
Sep 21 18:51:26 localhost kernel: audit: type=1403 audit(1758473465.439:3): auid=4294967295 ses=4294967295 lsm=selinux res=1
Sep 21 18:51:26 localhost systemd: Successfully loaded SELinux policy in 3.440005s.
Sep 21 18:51:26 localhost systemd: Relabelled /dev, /dev/shm, /run, /sys/fs/cgroup in 729.252ms.
Sep 21 18:51:26 localhost systemd: systemd 252-53.el9 running in system mode (+PAM +AUDIT +SELINUX -APPARMOR +IMA +SMACK +SECCOMP +GCRYPT +GNUTLS +OPENSSL +ACL +BLKID +CURL +ELFUTILS +FIDO2 +IDN2 -IDN -IPTC +KMOD +LIBCRYPTSETUP +LIBFDISK +PCRE2 -PWQUALITY +P11KIT -QRENCODE +TPM2 +BZIP2 +LZ4 +XZ +ZLIB +ZSTD -BPF_FRAMEWORK +XKBCOMMON +UTMP +SYSVINIT default-hierarchy=unified)
Sep 21 18:51:26 localhost systemd: Detected virtualization microsoft.
Sep 21 18:51:26 localhost systemd: Detected architecture arm64.
Sep 21 18:51:26 localhost systemd-rc-local-generator: /etc/rc.d/rc.local is not marked executable, skipping.
Sep 21 18:51:26 localhost systemd: initrd-switch-root.service: Deactivated successfully.
Sep 21 18:51:26 localhost systemd: Stopped Switch Root.
Sep 21 18:51:26 localhost systemd: systemd-journald.service: Scheduled restart job, restart counter is at 1.
Sep 21 18:51:26 localhost systemd: Created slice Slice /system/getty.
Sep 21 18:51:26 localhost systemd: Created slice Slice /system/sshd-keygen.
Sep 21 18:51:26 localhost systemd: Created slice Slice /system/systemd-fsck.
Sep 21 18:51:26 localhost systemd: Created slice User and Session Slice.
Sep 21 18:51:26 localhost systemd: Dispatch Password Requests to Console Directory Watch was skipped because of an unmet condition check (ConditionPathExists=!/run/plymouth/pid).
Sep 21 18:51:26 localhost systemd: Started Forward Password Requests to Wall Directory Watch.
Sep 21 18:51:26 localhost systemd: Set up automount Arbitrary Executable File Formats File System Automount Point.
Sep 21 18:51:26 localhost systemd: Reached target Local Encrypted Volumes.
Sep 21 18:51:26 localhost systemd: Stopped target Switch Root.
Sep 21 18:51:26 localhost systemd: Stopped target Initrd File Systems.
Sep 21 18:51:26 localhost systemd: Stopped target Initrd Root File System.
Sep 21 18:51:26 localhost systemd: Reached target Local Integrity Protected Volumes.
Sep 21 18:51:26 localhost systemd: Reached target Path Units.
Sep 21 18:51:26 localhost systemd: Reached target Remote File Systems.
Sep 21 18:51:26 localhost systemd: Reached target Slice Units.
Sep 21 18:51:26 localhost systemd: Reached target Local Verity Protected Volumes.
Sep 21 18:51:26 localhost systemd: Listening on Device-mapper event daemon FIFOs.
Sep 21 18:51:26 localhost systemd: Listening on LVM2 poll daemon socket.
Sep 21 18:51:26 localhost systemd: multipathd control socket was skipped because of an unmet condition check (ConditionPathExists=/etc/multipath.conf).
Sep 21 18:51:26 localhost systemd: Listening on Process Core Dump Socket.
Sep 21 18:51:26 localhost systemd: Listening on initctl Compatibility Named Pipe.
Sep 21 18:51:26 localhost systemd: Listening on udev Control Socket.
Sep 21 18:51:26 localhost systemd: Listening on udev Kernel Socket.
Sep 21 18:51:26 localhost systemd: Activating swap /dev/mapper/cs-swap...
Sep 21 18:51:26 localhost systemd: Mounting Huge Pages File System...
Sep 21 18:51:26 localhost kernel: Adding 3162108k swap on /dev/mapper/cs-swap.  Priority:-2 extents:1 across:3162108k 
Sep 21 18:51:26 localhost systemd: Mounting POSIX Message Queue File System...
Sep 21 18:51:26 localhost systemd: Mounting Kernel Debug File System...
Sep 21 18:51:26 localhost systemd: Mounting Kernel Trace File System...
Sep 21 18:51:26 localhost systemd: iscsi-starter.service was skipped because of an unmet condition check (ConditionDirectoryNotEmpty=/var/lib/iscsi/nodes).
Sep 21 18:51:26 localhost systemd: Starting Create List of Static Device Nodes...
Sep 21 18:51:26 localhost systemd: Starting Monitoring of LVM2 mirrors, snapshots etc. using dmeventd or progress polling...
Sep 21 18:51:26 localhost systemd: Starting Load Kernel Module configfs...
Sep 21 18:51:26 localhost systemd: Starting Load Kernel Module drm...
Sep 21 18:51:26 localhost systemd: Starting Load Kernel Module efi_pstore...
Sep 21 18:51:26 localhost systemd: Starting Load Kernel Module fuse...
Sep 21 18:51:26 localhost systemd: Starting Read and set NIS domainname from /etc/sysconfig/network...
Sep 21 18:51:26 localhost systemd: plymouth-switch-root.service: Deactivated successfully.
Sep 21 18:51:26 localhost systemd: Stopped Plymouth switch root service.
Sep 21 18:51:26 localhost systemd: systemd-fsck-root.service: Deactivated successfully.
Sep 21 18:51:26 localhost systemd: Stopped File System Check on Root Device.
Sep 21 18:51:26 localhost systemd: Stopped Journal Service.
Sep 21 18:51:26 localhost systemd: systemd-journald.service: Consumed 1.104s CPU time.
Sep 21 18:51:26 localhost systemd: Starting Journal Service...
Sep 21 18:51:26 localhost systemd: Load Kernel Modules was skipped because no trigger condition checks were met.
Sep 21 18:51:26 localhost systemd: Starting Generate network units from Kernel command line...
Sep 21 18:51:26 localhost systemd: TPM2 PCR Machine ID Measurement was skipped because of an unmet condition check (ConditionPathExists=/sys/firmware/efi/efivars/StubPcrKernelImage-4a67b082-0a4c-41cf-b6c7-440b29bb8c4f).
Sep 21 18:51:26 localhost systemd: Starting Remount Root and Kernel File Systems...
Sep 21 18:51:26 localhost systemd: Repartition Root Disk was skipped because no trigger condition checks were met.
Sep 21 18:51:26 localhost systemd: Starting Apply Kernel Variables...
Sep 21 18:51:26 localhost systemd: Starting Coldplug All udev Devices...
Sep 21 18:51:26 localhost kernel: fuse: init (API version 7.37)
Sep 21 18:51:26 localhost systemd: Activated swap /dev/mapper/cs-swap.
Sep 21 18:51:26 localhost systemd: Mounted Huge Pages File System.
Sep 21 18:51:26 localhost systemd-journald[559]: Journal started
Sep 21 18:51:26 localhost systemd-journald[559]: Runtime Journal (/run/log/journal/bb432c39db82430a9beeee29ec2120ab) is 6.7M, max 54.0M, 47.2M free.
Sep 21 18:51:26 localhost systemd[1]: Queued start job for default target Multi-User System.
Sep 21 18:51:26 localhost systemd[1]: systemd-journald.service: Deactivated successfully.
Sep 21 18:51:26 localhost systemd[1]: systemd-journald.service: Consumed 1.104s CPU time.
Sep 21 18:51:26 localhost systemd: Mounted POSIX Message Queue File System.
Sep 21 18:51:26 localhost systemd: Started Journal Service.
Sep 21 18:51:26 localhost systemd[1]: Mounted Kernel Debug File System.
Sep 21 18:51:26 localhost systemd[1]: Mounted Kernel Trace File System.
Sep 21 18:51:27 localhost systemd[1]: Finished Create List of Static Device Nodes.
Sep 21 18:51:27 localhost systemd[1]: modprobe@configfs.service: Deactivated successfully.
Sep 21 18:51:27 localhost systemd[1]: Finished Load Kernel Module configfs.
Sep 21 18:51:27 localhost systemd[1]: modprobe@drm.service: Deactivated successfully.
Sep 21 18:51:27 localhost systemd[1]: Finished Load Kernel Module drm.
Sep 21 18:51:27 localhost systemd[1]: modprobe@efi_pstore.service: Deactivated successfully.
Sep 21 18:51:27 localhost systemd[1]: Finished Load Kernel Module efi_pstore.
Sep 21 18:51:27 localhost systemd[1]: modprobe@fuse.service: Deactivated successfully.
Sep 21 18:51:27 localhost systemd[1]: Finished Load Kernel Module fuse.
Sep 21 18:51:27 localhost systemd[1]: Finished Read and set NIS domainname from /etc/sysconfig/network.
Sep 21 18:51:27 localhost systemd[1]: Finished Generate network units from Kernel command line.
Sep 21 18:51:27 localhost systemd[1]: Finished Remount Root and Kernel File Systems.
Sep 21 18:51:27 localhost systemd[1]: Finished Apply Kernel Variables.
Sep 21 18:51:27 localhost systemd[1]: Reached target Swaps.
Sep 21 18:51:27 localhost systemd[1]: Mounting FUSE Control File System...
Sep 21 18:51:27 localhost systemd[1]: Special handling of early boot iSCSI sessions was skipped because of an unmet condition check (ConditionDirectoryNotEmpty=/sys/class/iscsi_session).
Sep 21 18:51:27 localhost systemd[1]: First Boot Wizard was skipped because of an unmet condition check (ConditionFirstBoot=yes).
Sep 21 18:51:28 localhost systemd[1]: Rebuild Hardware Database was skipped because of an unmet condition check (ConditionNeedsUpdate=/etc).
Sep 21 18:51:28 localhost lvm[553]:  2 logical volume(s) in volume group "cs" monitored
Sep 21 18:51:28 localhost systemd[1]: Starting Flush Journal to Persistent Storage...
Sep 21 18:51:28 localhost systemd[1]: Platform Persistent Storage Archival was skipped because of an unmet condition check (ConditionDirectoryNotEmpty=/sys/fs/pstore).
Sep 21 18:51:28 localhost systemd[1]: Starting Load/Save OS Random Seed...
Sep 21 18:51:28 localhost systemd[1]: Create System Users was skipped because no trigger condition checks were met.
Sep 21 18:51:28 localhost systemd[1]: Starting Create Static Device Nodes in /dev...
Sep 21 18:51:29 localhost systemd[1]: Finished Monitoring of LVM2 mirrors, snapshots etc. using dmeventd or progress polling.
Sep 21 18:51:29 localhost systemd[1]: Mounted FUSE Control File System.
Sep 21 18:51:29 localhost systemd[1]: Finished Load/Save OS Random Seed.
Sep 21 18:51:29 localhost systemd[1]: First Boot Complete was skipped because of an unmet condition check (ConditionFirstBoot=yes).
Sep 21 18:51:29 localhost systemd-journald[559]: Runtime Journal (/run/log/journal/bb432c39db82430a9beeee29ec2120ab) is 6.7M, max 54.0M, 47.2M free.
Sep 21 18:51:30 localhost systemd-journald[559]: Received client request to flush runtime journal.
Sep 21 18:51:30 localhost systemd[1]: Finished Flush Journal to Persistent Storage.
Sep 21 18:51:32 localhost systemd[1]: Finished Coldplug All udev Devices.
Sep 21 18:51:33 localhost systemd[1]: Starting Wait for udev To Complete Device Initialization...
Sep 21 18:51:33 localhost systemd[1]: Finished Create Static Device Nodes in /dev.
Sep 21 18:51:33 localhost systemd[1]: Starting Rule-based Manager for Device Events and Files...
Sep 21 18:51:33 localhost udevadm[571]: systemd-udev-settle.service is deprecated. Please fix multipathd.service not to pull it in.
Sep 21 18:51:34 localhost systemd-udevd[572]: Using default interface naming scheme 'rhel-9.0'.
Sep 21 18:51:36 localhost systemd[1]: Started Rule-based Manager for Device Events and Files.
Sep 21 18:51:36 localhost systemd[1]: Auto-connect to subsystems on FC-NVME devices found during boot was skipped because of an unmet condition check (ConditionPathExists=/sys/class/fc/fc_udev_device/nvme_discovery).
Sep 21 18:51:37 localhost systemd[1]: Starting Load Kernel Module configfs...
Sep 21 18:51:37 localhost systemd[1]: modprobe@configfs.service: Deactivated successfully.
Sep 21 18:51:37 localhost systemd[1]: Finished Load Kernel Module configfs.
Sep 21 18:51:51 localhost kernel: hv_vmbus: registering driver hv_balloon
Sep 21 18:51:51 localhost kernel: hv_balloon: Using Dynamic Memory protocol version 2.0
Sep 21 18:51:51 localhost kernel: hv_balloon: Memory hot add disabled on ARM64
Sep 21 18:51:51 localhost kernel: hv_utils: Registering HyperV Utility Driver
Sep 21 18:51:51 localhost kernel: hv_vmbus: registering driver hv_utils
Sep 21 18:51:51 localhost kernel: hv_utils: Heartbeat IC version 3.0
Sep 21 18:51:52 localhost kernel: hv_utils: Shutdown IC version 3.2
Sep 21 18:51:52 localhost kernel: hv_utils: TimeSync IC version 4.0
Sep 21 18:51:52 localhost kernel: hv_utils: VSS IC version 5.0
Sep 21 18:51:54 localhost systemd[1]: Dispatch Password Requests to Console Directory Watch was skipped because of an unmet condition check (ConditionPathExists=!/run/plymouth/pid).
Sep 21 18:51:54 localhost systemd[1]: Special handling of early boot iSCSI sessions was skipped because of an unmet condition check (ConditionDirectoryNotEmpty=/sys/class/iscsi_session).
Sep 21 18:51:54 localhost systemd[1]: iscsi-starter.service was skipped because of an unmet condition check (ConditionDirectoryNotEmpty=/var/lib/iscsi/nodes).
Sep 21 18:51:54 localhost systemd[1]: Starting Load Kernel Module efi_pstore...
Sep 21 18:51:54 localhost systemd[1]: First Boot Wizard was skipped because of an unmet condition check (ConditionFirstBoot=yes).
Sep 21 18:51:54 localhost systemd[1]: First Boot Complete was skipped because of an unmet condition check (ConditionFirstBoot=yes).
Sep 21 18:51:54 localhost systemd[1]: Rebuild Hardware Database was skipped because of an unmet condition check (ConditionNeedsUpdate=/etc).
Sep 21 18:51:55 localhost systemd[1]: Load Kernel Modules was skipped because no trigger condition checks were met.
Sep 21 18:51:55 localhost systemd[1]: TPM2 PCR Machine ID Measurement was skipped because of an unmet condition check (ConditionPathExists=/sys/firmware/efi/efivars/StubPcrKernelImage-4a67b082-0a4c-41cf-b6c7-440b29bb8c4f).
Sep 21 18:51:55 localhost systemd[1]: Repartition Root Disk was skipped because no trigger condition checks were met.
Sep 21 18:51:55 localhost systemd[1]: Create System Users was skipped because no trigger condition checks were met.
Sep 21 18:51:55 localhost systemd[1]: Dispatch Password Requests to Console Directory Watch was skipped because of an unmet condition check (ConditionPathExists=!/run/plymouth/pid).
Sep 21 18:51:55 localhost systemd[1]: Special handling of early boot iSCSI sessions was skipped because of an unmet condition check (ConditionDirectoryNotEmpty=/sys/class/iscsi_session).
Sep 21 18:51:55 localhost systemd[1]: iscsi-starter.service was skipped because of an unmet condition check (ConditionDirectoryNotEmpty=/var/lib/iscsi/nodes).
Sep 21 18:51:55 localhost systemd[1]: First Boot Wizard was skipped because of an unmet condition check (ConditionFirstBoot=yes).
Sep 21 18:51:55 localhost systemd[1]: First Boot Complete was skipped because of an unmet condition check (ConditionFirstBoot=yes).
Sep 21 18:51:55 localhost systemd[1]: Rebuild Hardware Database was skipped because of an unmet condition check (ConditionNeedsUpdate=/etc).
Sep 21 18:51:55 localhost systemd[1]: Load Kernel Modules was skipped because no trigger condition checks were met.
Sep 21 18:51:55 localhost systemd[1]: TPM2 PCR Machine ID Measurement was skipped because of an unmet condition check (ConditionPathExists=/sys/firmware/efi/efivars/StubPcrKernelImage-4a67b082-0a4c-41cf-b6c7-440b29bb8c4f).
Sep 21 18:51:55 localhost systemd[1]: Repartition Root Disk was skipped because no trigger condition checks were met.
Sep 21 18:51:55 localhost systemd[1]: Create System Users was skipped because no trigger condition checks were met.
Sep 21 18:51:55 localhost systemd[1]: modprobe@efi_pstore.service: Deactivated successfully.
Sep 21 18:51:55 localhost systemd[1]: Finished Load Kernel Module efi_pstore.
Sep 21 18:51:55 localhost systemd[1]: Platform Persistent Storage Archival was skipped because of an unmet condition check (ConditionDirectoryNotEmpty=/sys/fs/pstore).
Sep 21 18:51:58 localhost systemd[1]: Condition check resulted in Virtual_Disk EFI\x20System\x20Partition being skipped.
Sep 21 18:51:59 localhost systemd[1]: Condition check resulted in Virtual_Disk 2 being skipped.
Sep 21 18:51:59 localhost lvm[620]: PV /dev/sda3 online, VG cs is complete.
Sep 21 18:52:00 localhost systemd[1]: Started /usr/sbin/lvm vgchange -aay --autoactivation event cs.
Sep 21 18:52:05 localhost lvm[628]:  3 logical volume(s) in volume group "cs" now active
Sep 21 18:52:05 localhost systemd[1]: Found device /dev/mapper/cs-home.
Sep 21 18:52:06 localhost systemd[1]: Finished Wait for udev To Complete Device Initialization.
Sep 21 18:52:06 localhost systemd[1]: Device-Mapper Multipath Device Controller was skipped because of an unmet condition check (ConditionPathExists=/etc/multipath.conf).
Sep 21 18:52:06 localhost systemd[1]: Reached target Preparation for Local File Systems.
Sep 21 18:52:06 localhost systemd[1]: Mounting /boot...
Sep 21 18:52:06 localhost systemd[1]: Mounting /home...
Sep 21 18:52:06 localhost systemd[1]: Starting File System Check on /dev/disk/by-uuid/DE47-6F6E...
Sep 21 18:52:07 localhost kernel: XFS (sda2): Mounting V5 Filesystem b71db3fd-cb8a-4c58-b3ed-fdeeb0799cc4
Sep 21 18:52:07 localhost systemd[1]: lvm-activate-cs.service: Deactivated successfully.
Sep 21 18:52:07 localhost kernel: XFS (dm-2): Mounting V5 Filesystem fc115aae-293b-45e2-85da-937ee9f985a3
Sep 21 18:52:09 localhost systemd-fsck[655]: fsck.fat 4.2 (2021-01-31)
Sep 21 18:52:09 localhost systemd-fsck[655]: There are differences between boot sector and its backup.
Sep 21 18:52:09 localhost systemd-fsck[655]: This is mostly harmless. Differences: (offset:original/backup)
Sep 21 18:52:09 localhost systemd-fsck[655]:  65:01/00
Sep 21 18:52:09 localhost systemd-fsck[655]:  Not automatically fixing this.
Sep 21 18:52:09 localhost systemd-fsck[655]: Dirty bit is set. Fs was not properly unmounted and some data may be corrupt.
Sep 21 18:52:09 localhost systemd-fsck[655]: Automatically removing dirty bit.
Sep 21 18:52:09 localhost systemd-fsck[655]: *** Filesystem was changed ***
Sep 21 18:52:09 localhost systemd-fsck[655]: Writing changes.
Sep 21 18:52:09 localhost systemd-fsck[655]: /dev/sda1: 12 files, 1780/153290 clusters
Sep 21 18:52:09 localhost systemd[1]: Finished File System Check on /dev/disk/by-uuid/DE47-6F6E.
Sep 21 18:52:10 localhost kernel: XFS (dm-2): Starting recovery (logdev: internal)
Sep 21 18:52:10 localhost kernel: XFS (sda2): Starting recovery (logdev: internal)
Sep 21 18:52:11 localhost kernel: XFS (dm-2): Ending recovery (logdev: internal)
Sep 21 18:52:12 localhost kernel: XFS (sda2): Ending recovery (logdev: internal)
Sep 21 18:52:12 localhost systemd[1]: Mounted /home.
Sep 21 18:52:12 localhost systemd[1]: Mounted /boot.
Sep 21 18:52:12 localhost systemd[1]: Mounting /boot/efi...
Sep 21 18:52:13 localhost systemd[1]: Mounted /boot/efi.
Sep 21 18:52:13 localhost systemd[1]: Reached target Local File Systems.
Sep 21 18:52:13 localhost systemd[1]: Rebuild Dynamic Linker Cache was skipped because no trigger condition checks were met.
Sep 21 18:52:13 localhost systemd[1]: Starting Tell Plymouth To Write Out Runtime Data...
Sep 21 18:52:13 localhost systemd[1]: Mark the need to relabel after reboot was skipped because of an unmet condition check (ConditionSecurity=!selinux).
Sep 21 18:52:13 localhost systemd[1]: Set Up Additional Binary Formats was skipped because no trigger condition checks were met.
Sep 21 18:52:13 localhost systemd[1]: Update Boot Loader Random Seed was skipped because no trigger condition checks were met.
Sep 21 18:52:14 localhost systemd[1]: Starting Automatic Boot Loader Update...
Sep 21 18:52:14 localhost systemd[1]: Commit a transient machine-id on disk was skipped because of an unmet condition check (ConditionPathIsMountPoint=/etc/machine-id).
Sep 21 18:52:14 localhost systemd[1]: Starting Create Volatile Files and Directories...
Sep 21 18:52:14 localhost systemd[1]: Received SIGRTMIN+20 from PID 338 (plymouthd).
Sep 21 18:52:15 localhost systemd[1]: Finished Tell Plymouth To Write Out Runtime Data.
Sep 21 18:52:16 localhost systemd[1]: Finished Automatic Boot Loader Update.
Sep 21 18:52:17 localhost systemd[1]: Finished Create Volatile Files and Directories.
Sep 21 18:52:18 localhost systemd[1]: Starting Security Auditing Service...
Sep 21 18:52:18 localhost systemd[1]: Rebuild Journal Catalog was skipped because of an unmet condition check (ConditionNeedsUpdate=/var).
Sep 21 18:52:18 localhost systemd[1]: Update is Completed was skipped because no trigger condition checks were met.
Sep 21 18:52:18 localhost auditd[664]: audit dispatcher initialized with q_depth=2000 and 1 active plugins
Sep 21 18:52:19 localhost auditd[664]: Init complete, auditd 3.1.5 listening for events (startup state enable)
Sep 21 18:52:20 localhost augenrules[669]: /sbin/augenrules: No change
Sep 21 18:52:20 localhost augenrules[684]: No rules
Sep 21 18:52:20 localhost augenrules[684]: enabled 1
Sep 21 18:52:20 localhost augenrules[684]: failure 1
Sep 21 18:52:20 localhost augenrules[684]: pid 664
Sep 21 18:52:20 localhost augenrules[684]: rate_limit 0
Sep 21 18:52:20 localhost augenrules[684]: backlog_limit 8192
Sep 21 18:52:20 localhost augenrules[684]: lost 0
Sep 21 18:52:20 localhost augenrules[684]: backlog 4
Sep 21 18:52:20 localhost augenrules[684]: backlog_wait_time 6000
Sep 21 18:52:20 localhost augenrules[684]: backlog_wait_time_actual 0
Sep 21 18:52:20 localhost augenrules[684]: enabled 1
Sep 21 18:52:20 localhost augenrules[684]: failure 1
Sep 21 18:52:20 localhost augenrules[684]: pid 664
Sep 21 18:52:20 localhost augenrules[684]: rate_limit 0
Sep 21 18:52:20 localhost augenrules[684]: backlog_limit 8192
Sep 21 18:52:20 localhost augenrules[684]: lost 0
Sep 21 18:52:20 localhost augenrules[684]: backlog 0
Sep 21 18:52:20 localhost augenrules[684]: backlog_wait_time 6000
Sep 21 18:52:20 localhost augenrules[684]: backlog_wait_time_actual 0
Sep 21 18:52:20 localhost augenrules[684]: enabled 1
Sep 21 18:52:20 localhost augenrules[684]: failure 1
Sep 21 18:52:20 localhost augenrules[684]: pid 664
Sep 21 18:52:20 localhost augenrules[684]: rate_limit 0
Sep 21 18:52:20 localhost augenrules[684]: backlog_limit 8192
Sep 21 18:52:20 localhost augenrules[684]: lost 0
Sep 21 18:52:20 localhost augenrules[684]: backlog 0
Sep 21 18:52:20 localhost augenrules[684]: backlog_wait_time 60000
Sep 21 18:52:20 localhost augenrules[684]: backlog_wait_time_actual 0
Sep 21 18:52:20 localhost systemd[1]: Started Security Auditing Service.
Sep 21 18:52:20 localhost systemd[1]: Starting Record System Boot/Shutdown in UTMP...
Sep 21 18:52:21 localhost systemd[1]: Finished Record System Boot/Shutdown in UTMP.
Sep 21 18:52:21 localhost systemd[1]: Reached target System Initialization.
Sep 21 18:52:21 localhost systemd[1]: Started dnf makecache --timer.
Sep 21 18:52:21 localhost systemd[1]: Started Daily rotation of log files.
Sep 21 18:52:21 localhost systemd[1]: Started Updates mlocate database every day.
Sep 21 18:52:21 localhost systemd[1]: Started Weekly RAID setup health check.
Sep 21 18:52:21 localhost systemd[1]: Started Daily Cleanup of Temporary Directories.
Sep 21 18:52:21 localhost systemd[1]: Started daily update of the root trust anchor for DNSSEC.
Sep 21 18:52:21 localhost systemd[1]: Reached target Timer Units.
Sep 21 18:52:21 localhost systemd[1]: Listening on D-Bus System Message Bus Socket.
Sep 21 18:52:21 localhost systemd[1]: Listening on Open-iSCSI iscsid Socket.
Sep 21 18:52:21 localhost systemd[1]: Listening on Open-iSCSI iscsiuio Socket.
Sep 21 18:52:21 localhost systemd[1]: Listening on SSSD Kerberos Cache Manager responder socket.
Sep 21 18:52:21 localhost systemd[1]: Reached target Socket Units.
Sep 21 18:52:21 localhost systemd[1]: Starting D-Bus System Message Bus...
Sep 21 18:52:21 localhost systemd[1]: TPM2 PCR Barrier (Initialization) was skipped because of an unmet condition check (ConditionPathExists=/sys/firmware/efi/efivars/StubPcrKernelImage-4a67b082-0a4c-41cf-b6c7-440b29bb8c4f).
Sep 21 18:52:23 localhost systemd[1]: Started D-Bus System Message Bus.
Sep 21 18:52:23 localhost systemd[1]: Reached target Basic System.
Sep 21 18:52:24 localhost systemd[1]: Starting NTP client/server...
Sep 21 18:52:24 localhost systemd[1]: Starting Restore /run/initramfs on shutdown...
Sep 21 18:52:24 localhost dbus-broker-lau[692]: Ready
Sep 21 18:52:24 localhost systemd[1]: Starting firewalld - dynamic firewall daemon...
Sep 21 18:52:24 localhost systemd[1]: Started Hyper-V KVP daemon.
Sep 21 18:52:25 localhost KVP[697]: KVP starting; pid is:697
Sep 21 18:52:25 localhost systemd[1]: Started Hyper-V VSS daemon.
Sep 21 18:52:25 localhost systemd[1]: irqbalance daemon was skipped because of an unmet condition check (ConditionCPUs=>1).
Sep 21 18:52:25 localhost systemd[1]: Started libstoragemgmt plug-in server daemon.
Sep 21 18:52:25 localhost systemd[1]: Software RAID monitoring and management was skipped because of an unmet condition check (ConditionPathExists=/etc/mdadm.conf).
Sep 21 18:52:25 localhost systemd[1]: Self Monitoring and Reporting Technology (SMART) Daemon was skipped because of an unmet condition check (ConditionVirtualization=no).
Sep 21 18:52:25 localhost systemd[1]: OpenSSH ecdsa Server Key Generation was skipped because no trigger condition checks were met.
Sep 21 18:52:25 localhost systemd[1]: OpenSSH ed25519 Server Key Generation was skipped because no trigger condition checks were met.
Sep 21 18:52:25 localhost systemd[1]: OpenSSH rsa Server Key Generation was skipped because no trigger condition checks were met.
Sep 21 18:52:25 localhost systemd[1]: Reached target sshd-keygen.target.
Sep 21 18:52:25 localhost kernel: hv_utils: KVP IC version 4.0
Sep 21 18:52:25 localhost KVP[697]: KVP LIC Version: 3.1
Sep 21 18:52:26 localhost systemd[1]: System Security Services Daemon was skipped because no trigger condition checks were met.
Sep 21 18:52:26 localhost systemd[1]: Reached target User and Group Name Lookups.
Sep 21 18:52:26 localhost hypervvssd[698]: Hyper-V VSS: VSS starting; pid is:698
Sep 21 18:52:26 localhost kernel: hv_utils: VSS: userspace daemon ver. 129 connected
Sep 21 18:52:26 localhost hypervvssd[698]: Hyper-V VSS: VSS: kernel module version: 129
Sep 21 18:52:26 localhost systemd[1]: Starting User Login Management...
Sep 21 18:52:26 localhost systemd[1]: TPM2 PCR Barrier (User) was skipped because of an unmet condition check (ConditionPathExists=/sys/firmware/efi/efivars/StubPcrKernelImage-4a67b082-0a4c-41cf-b6c7-440b29bb8c4f).
Sep 21 18:52:26 localhost systemd[1]: Finished Restore /run/initramfs on shutdown.
Sep 21 18:52:33 localhost systemd-logind[700]: New seat seat0.
Sep 21 18:52:33 localhost chronyd[702]: chronyd version 4.6.1 starting (+CMDMON +NTP +REFCLOCK +RTC +PRIVDROP +SCFILTER +SIGND +ASYNCDNS +NTS +SECHASH +IPV6 +DEBUG)
Sep 21 18:52:33 localhost systemd-logind[700]: Watching system buttons on /dev/input/event0 (AT Translated Set 2 keyboard)
Sep 21 18:52:33 localhost systemd[1]: Started User Login Management.
Sep 21 18:52:33 localhost chronyd[702]: Loaded 0 symmetric keys
Sep 21 18:52:33 localhost chronyd[702]: Using right/UTC timezone to obtain leap second data
Sep 21 18:52:33 localhost chronyd[702]: Could not read valid frequency and skew from driftfile /var/lib/chrony/drift
Sep 21 18:52:33 localhost chronyd[702]: Loaded seccomp filter (level 2)
Sep 21 18:52:34 localhost systemd[1]: Started NTP client/server.
Sep 21 18:52:40 localhost kernel: hv_balloon: Max. dynamic memory size: 3072 MB
Sep 21 18:53:12 localhost systemd[1]: Starting Authorization Manager...
Sep 21 18:53:14 localhost polkitd[757]: Started polkitd version 0.117
Sep 21 18:53:16 localhost systemd[1]: Started Authorization Manager.
Sep 21 18:53:22 localhost systemd[1]: Started firewalld - dynamic firewall daemon.
Sep 21 18:53:22 localhost systemd[1]: Reached target Preparation for Network.
Sep 21 18:53:22 localhost systemd[1]: Starting Network Manager...
Sep 21 18:53:24 localhost NetworkManager[766]: <info>  [1758473604.6036] NetworkManager (version 1.54.0-1.el9) is starting... (boot:70caf184-6b3f-4983-888a-7c93b24faad5)
Sep 21 18:53:24 localhost NetworkManager[766]: <info>  [1758473604.6135] Read config: /etc/NetworkManager/NetworkManager.conf, /usr/lib/NetworkManager/conf.d/99-nvme-nbft-no-ignore-carrier.conf, /run/NetworkManager/conf.d/15-carrier-timeout.conf
Sep 21 18:53:25 localhost NetworkManager[766]: <info>  [1758473605.0736] manager[0xaaaaf98d6000]: monitoring kernel firmware directory '/lib/firmware'.
Sep 21 18:53:25 localhost systemd[1]: Starting Hostname Service...
Sep 21 18:53:27 localhost systemd[1]: Started Hostname Service.
Sep 21 18:53:27 localhost NetworkManager[766]: <info>  [1758473607.2136] hostname: hostname: using hostnamed
Sep 21 18:53:27 localhost NetworkManager[766]: <info>  [1758473607.5636] dns-mgr: init: dns=default,systemd-resolved rc-manager=symlink (auto)
Sep 21 18:53:27 localhost NetworkManager[766]: <info>  [1758473607.5639] policy: set-hostname: set hostname to 'localhost.localdomain' (no hostname found)
Sep 21 18:53:27 localhost systemd-hostnamed[770]: Hostname set to <localhost.localdomain> (transient)
Sep 21 18:53:27 localhost NetworkManager[766]: <info>  [1758473607.9237] manager[0xaaaaf98d6000]: rfkill: Wi-Fi hardware radio set enabled
Sep 21 18:53:27 localhost NetworkManager[766]: <info>  [1758473607.9238] manager[0xaaaaf98d6000]: rfkill: WWAN hardware radio set enabled
Sep 21 18:53:28 localhost systemd[1]: Listening on Load/Save RF Kill Switch Status /dev/rfkill Watch.
Sep 21 18:53:28 localhost NetworkManager[766]: <info>  [1758473608.3841] Loaded device plugin: NMTeamFactory (/usr/lib64/NetworkManager/1.54.0-1.el9/libnm-device-plugin-team.so)
Sep 21 18:53:28 localhost NetworkManager[766]: <info>  [1758473608.3844] manager: rfkill: Wi-Fi enabled by radio killswitch; enabled by state file
Sep 21 18:53:28 localhost NetworkManager[766]: <info>  [1758473608.3845] manager: rfkill: WWAN enabled by radio killswitch; enabled by state file
Sep 21 18:53:28 localhost NetworkManager[766]: <info>  [1758473608.3846] manager: Networking is enabled by state file
Sep 21 18:53:28 localhost NetworkManager[766]: <info>  [1758473608.4237] settings: Loaded settings plugin: keyfile (internal)
Sep 21 18:53:28 localhost NetworkManager[766]: <info>  [1758473608.6935] settings: Loaded settings plugin: ifcfg-rh ("/usr/lib64/NetworkManager/1.54.0-1.el9/libnm-settings-plugin-ifcfg-rh.so")
Sep 21 18:53:28 localhost systemd[1]: Starting Network Manager Script Dispatcher Service...
Sep 21 18:53:29 localhost NetworkManager[766]: <info>  [1758473609.1439] dhcp: init: Using DHCP client 'internal'
Sep 21 18:53:29 localhost NetworkManager[766]: <info>  [1758473609.1940] manager: (lo): new Loopback device (/org/freedesktop/NetworkManager/Devices/1)
Sep 21 18:53:29 localhost NetworkManager[766]: <info>  [1758473609.2835] device (lo): state change: unmanaged -> unavailable (reason 'connection-assumed', managed-type: 'external')
Sep 21 18:53:29 localhost NetworkManager[766]: <info>  [1758473609.2904] device (lo): state change: unavailable -> disconnected (reason 'connection-assumed', managed-type: 'external')
Sep 21 18:53:29 localhost NetworkManager[766]: <info>  [1758473609.3643] device (lo): Activation: starting connection 'lo' (c34e7056-4500-4221-9e8f-2ecbb768ab34)
Sep 21 18:53:29 localhost NetworkManager[766]: <info>  [1758473609.3938] manager: (eth0): new Ethernet device (/org/freedesktop/NetworkManager/Devices/2)
Sep 21 18:53:29 localhost NetworkManager[766]: <info>  [1758473609.4245] device (eth0): state change: unmanaged -> unavailable (reason 'managed', managed-type: 'external')
Sep 21 18:53:29 localhost systemd[1]: Started Network Manager.
Sep 21 18:53:29 localhost NetworkManager[766]: <info>  [1758473609.8337] bus-manager: acquired D-Bus service "org.freedesktop.NetworkManager"
Sep 21 18:53:29 localhost NetworkManager[766]: <info>  [1758473609.8342] device (lo): state change: disconnected -> prepare (reason 'none', managed-type: 'external')
Sep 21 18:53:29 localhost NetworkManager[766]: <info>  [1758473609.8344] device (lo): state change: prepare -> config (reason 'none', managed-type: 'external')
Sep 21 18:53:29 localhost NetworkManager[766]: <info>  [1758473609.8345] device (lo): state change: config -> ip-config (reason 'none', managed-type: 'external')
Sep 21 18:53:30 localhost systemd[1]: Reached target Network.
Sep 21 18:53:30 localhost NetworkManager[766]: <info>  [1758473609.9743] device (eth0): carrier: link connected
Sep 21 18:53:30 localhost NetworkManager[766]: <info>  [1758473609.9746] device (lo): state change: ip-config -> ip-check (reason 'none', managed-type: 'external')
Sep 21 18:53:30 localhost systemd[1]: Starting Network Manager Wait Online...
Sep 21 18:53:30 localhost NetworkManager[766]: <info>  [1758473610.1971] device (eth0): state change: unavailable -> disconnected (reason 'carrier-changed', managed-type: 'full')
Sep 21 18:53:30 localhost NetworkManager[766]: <info>  [1758473610.3541] policy: auto-activating connection 'eth0' (94ec9b7b-b92e-35bb-9251-9d4c0dff2305)
Sep 21 18:53:30 localhost NetworkManager[766]: <info>  [1758473610.3546] device (eth0): Activation: starting connection 'eth0' (94ec9b7b-b92e-35bb-9251-9d4c0dff2305)
Sep 21 18:53:30 localhost NetworkManager[766]: <info>  [1758473610.3546] device (eth0): state change: disconnected -> prepare (reason 'none', managed-type: 'full')
Sep 21 18:53:30 localhost NetworkManager[766]: <info>  [1758473610.3548] manager: NetworkManager state is now CONNECTING
Sep 21 18:53:30 localhost NetworkManager[766]: <info>  [1758473610.3549] device (eth0): state change: prepare -> config (reason 'none', managed-type: 'full')
Sep 21 18:53:30 localhost systemd[1]: Starting OpenSSH server daemon...
Sep 21 18:53:30 localhost NetworkManager[766]: <info>  [1758473610.6637] device (lo): state change: ip-check -> secondaries (reason 'none', managed-type: 'external')
Sep 21 18:53:30 localhost NetworkManager[766]: <info>  [1758473610.6737] device (lo): state change: secondaries -> activated (reason 'none', managed-type: 'external')
Sep 21 18:53:30 localhost NetworkManager[766]: <info>  [1758473610.6746] device (lo): Activation: successful, device activated.
Sep 21 18:53:30 localhost systemd[1]: Starting Permit User Sessions...
Sep 21 18:53:31 localhost systemd[1]: Starting Dynamic System Tuning Daemon...
Sep 21 18:53:31 localhost systemd[1]: Started Network Manager Script Dispatcher Service.
Sep 21 18:53:32 localhost systemd[1]: Finished Permit User Sessions.
Sep 21 18:53:33 localhost systemd[1]: Started Deferred execution scheduler.
Sep 21 18:53:33 localhost NetworkManager[766]: <info>  [1758473613.7840] device (eth0): state change: config -> ip-config (reason 'none', managed-type: 'full')
Sep 21 18:53:33 localhost NetworkManager[766]: <info>  [1758473613.8576] dhcp4 (eth0): activation: beginning transaction (timeout in 45 seconds)
Sep 21 18:53:34 localhost systemd[1]: Started Command Scheduler.
Sep 21 18:53:34 localhost NetworkManager[766]: <info>  [1758473614.1637] dhcp4 (eth0): state changed new lease, address=172.28.139.108
Sep 21 18:53:34 localhost NetworkManager[766]: <info>  [1758473614.5836] policy: set 'eth0' (eth0) as default for IPv4 routing and DNS
Sep 21 18:53:34 localhost systemd[1]: Starting Hold until boot process finishes up...
Sep 21 18:53:35 localhost systemd[1]: Starting Terminate Plymouth Boot Screen...
Sep 21 18:53:35 localhost systemd[1]: Started OpenSSH server daemon.
Sep 21 18:53:36 localhost systemd[1]: Received SIGRTMIN+21 from PID 338 (plymouthd).
Sep 21 18:53:36 localhost NetworkManager[766]: <info>  [1758473616.4940] device (eth0): state change: ip-config -> ip-check (reason 'none', managed-type: 'full')
Sep 21 18:53:36 localhost NetworkManager[766]: <info>  [1758473616.9539] device (eth0): state change: ip-check -> secondaries (reason 'none', managed-type: 'full')
Sep 21 18:53:36 localhost NetworkManager[766]: <info>  [1758473616.9544] device (eth0): state change: secondaries -> activated (reason 'none', managed-type: 'full')
Sep 21 18:53:36 localhost NetworkManager[766]: <info>  [1758473616.9548] manager: NetworkManager state is now CONNECTED_SITE
Sep 21 18:53:36 localhost NetworkManager[766]: <info>  [1758473616.9837] device (eth0): Activation: successful, device activated.
Sep 21 18:53:36 localhost NetworkManager[766]: <info>  [1758473616.9843] manager: NetworkManager state is now CONNECTED_GLOBAL
Sep 21 18:53:37 localhost NetworkManager[766]: <info>  [1758473617.0037] manager: startup complete
Sep 21 18:53:37 localhost systemd[1]: Finished Network Manager Wait Online.
Sep 21 18:53:37 localhost systemd[1]: Reached target Network is Online.
Sep 21 18:53:37 localhost systemd[1]: Starting Crash recovery kernel arming...
Sep 21 18:53:38 localhost systemd[1]: Starting System Logging Service...
Sep 21 18:53:39 localhost systemd[1]: Received SIGRTMIN+21 from PID 338 (plymouthd).
Sep 21 18:53:39 localhost systemd[1]: Finished Hold until boot process finishes up.
Sep 21 18:53:39 localhost systemd[1]: Finished Terminate Plymouth Boot Screen.
Sep 21 18:53:39 localhost systemd[1]: Started Getty on tty1.
Sep 21 18:53:39 localhost systemd[1]: Reached target Login Prompts.
Sep 21 18:53:40 localhost NetworkManager[766]: <info>  [1758473620.4442] policy: set-hostname: set hostname to 'localhost.localdomain' (no hostname found)
Sep 21 18:53:40 localhost systemd[1]: iscsi.service: Unit cannot be reloaded because it is inactive.
Sep 21 18:53:43 localhost chronyd[702]: Selected source 51.255.95.80 (2.centos.pool.ntp.org)
Sep 21 18:53:43 localhost chronyd[702]: System clock wrong by 2.771103 seconds
Sep 21 18:53:43 localhost chronyd[702]: System clock was stepped by 2.771103 seconds
Sep 21 18:53:43 localhost chronyd[702]: System clock TAI offset set to 37 seconds
Sep 21 18:53:45 localhost chronyd[702]: Selected source 109.190.177.200 (2.centos.pool.ntp.org)
Sep 21 18:53:45 localhost systemd[1]: Started System Logging Service.
Sep 21 18:53:45 localhost rsyslogd[807]: [origin software="rsyslogd" swVersion="8.2506.0-2.el9" x-pid="807" x-info="https://www.rsyslog.com"] start
Sep 21 18:53:45 localhost rsyslogd[807]: imjournal: No statefile exists, /var/lib/rsyslog/imjournal.state will be created (ignore if this is first run): No such file or directory [v8.2506.0-2.el9 try https://www.rsyslog.com/e/2040 ]
Sep 21 18:53:49 localhost rsyslogd[807]: imjournal: journal files changed, reloading...  [v8.2506.0-2.el9 try https://www.rsyslog.com/e/0 ]
Sep 21 18:53:49 localhost systemd[1]: iscsi.service: Unit cannot be reloaded because it is inactive.
Sep 21 18:53:56 localhost kdumpctl[823]: kdump: No kdump initial ramdisk found.
Sep 21 18:53:56 localhost kdumpctl[823]: kdump: Rebuilding /boot/initramfs-5.14.0-604.el9.aarch64kdump.img
Sep 21 18:54:03 localhost systemd[1]: NetworkManager-dispatcher.service: Deactivated successfully.
Sep 21 18:54:03 localhost systemd[1]: NetworkManager-dispatcher.service: Consumed 3.961s CPU time.
Sep 21 18:54:03 localhost NetworkManager[766]: <info>  [1758473643.5947] policy: set-hostname: set hostname to 'localhost.localdomain' (no hostname found)
Sep 21 18:54:03 localhost systemd[1]: Starting Network Manager Script Dispatcher Service...
Sep 21 18:54:04 localhost systemd[1]: Started Network Manager Script Dispatcher Service.
Sep 21 18:54:16 localhost systemd[1]: Started Dynamic System Tuning Daemon.
Sep 21 18:54:16 localhost systemd[1]: Reached target Multi-User System.
Sep 21 18:54:16 localhost systemd[1]: Starting Record Runlevel Change in UTMP...
Sep 21 18:54:16 localhost systemd[1]: NetworkManager-dispatcher.service: Deactivated successfully.
Sep 21 18:54:17 localhost systemd[1]: systemd-update-utmp-runlevel.service: Deactivated successfully.
Sep 21 18:54:17 localhost systemd[1]: Finished Record Runlevel Change in UTMP.
Sep 21 18:54:25 localhost dracut[1461]: dracut-057-101.git20250808.el9
Sep 21 18:54:28 localhost dracut[1463]: Executing: /usr/bin/dracut --quiet --hostonly --hostonly-cmdline --hostonly-i18n --hostonly-mode strict --hostonly-nics  --mount "/dev/mapper/cs-root /sysroot xfs rw,relatime,seclabel,attr2,inode64,logbufs=8,logbsize=32k,noquota" --squash-compressor zstd --no-hostonly-default-device --add-confdir /lib/kdump/dracut.conf.d -f /boot/initramfs-5.14.0-604.el9.aarch64kdump.img 5.14.0-604.el9.aarch64
Sep 21 18:54:33 localhost systemd[1]: Created slice User Slice of UID 1000.
Sep 21 18:54:33 localhost systemd[1]: Starting User Runtime Directory /run/user/1000...
Sep 21 18:54:33 localhost systemd-logind[700]: New session 1 of user rnounahon.
Sep 21 18:54:34 localhost systemd[1]: systemd-hostnamed.service: Deactivated successfully.
Sep 21 18:54:34 localhost systemd[1]: systemd-hostnamed.service: Consumed 1.038s CPU time.
Sep 21 18:54:34 localhost systemd[1]: Finished User Runtime Directory /run/user/1000.
Sep 21 18:54:35 localhost systemd[1]: Starting User Manager for UID 1000...
Sep 21 18:54:41 localhost systemd[1562]: Queued start job for default target Main User Target.
Sep 21 18:54:41 localhost systemd[1562]: Created slice User Application Slice.
Sep 21 18:54:41 localhost systemd[1562]: Started Mark boot as successful after the user session has run 2 minutes.
Sep 21 18:54:41 localhost systemd[1562]: Started Daily Cleanup of User's Temporary Directories.
Sep 21 18:54:41 localhost systemd[1562]: Reached target Paths.
Sep 21 18:54:41 localhost systemd[1562]: Reached target Timers.
Sep 21 18:54:41 localhost systemd[1562]: Starting D-Bus User Message Bus Socket...
Sep 21 18:54:41 localhost systemd[1562]: Starting Create User's Volatile Files and Directories...
Sep 21 18:54:43 localhost systemd[1562]: Listening on D-Bus User Message Bus Socket.
Sep 21 18:54:43 localhost systemd[1562]: Reached target Sockets.
Sep 21 18:54:43 localhost systemd[1562]: Finished Create User's Volatile Files and Directories.
Sep 21 18:54:43 localhost systemd[1562]: Reached target Basic System.
Sep 21 18:54:43 localhost systemd[1]: Started User Manager for UID 1000.
Sep 21 18:54:43 localhost systemd[1562]: Reached target Main User Target.
Sep 21 18:54:43 localhost systemd[1562]: Startup finished in 6.799s.
Sep 21 18:54:43 localhost systemd[1]: Started Session 1 of User rnounahon.
Sep 21 18:54:44 localhost systemd[1]: Starting Hostname Service...
Sep 21 18:54:47 localhost systemd[1]: Started Hostname Service.
Sep 21 18:54:51 localhost dracut[1463]: dracut module 'systemd-networkd' will not be installed, because command 'networkctl' could not be found!
Sep 21 18:54:51 localhost dracut[1463]: dracut module 'systemd-networkd' will not be installed, because command '/usr/lib/systemd/systemd-networkd' could not be found!
Sep 21 18:54:51 localhost dracut[1463]: dracut module 'systemd-networkd' will not be installed, because command '/usr/lib/systemd/systemd-networkd-wait-online' could not be found!
Sep 21 18:54:51 localhost dracut[1463]: dracut module 'systemd-resolved' will not be installed, because command 'resolvectl' could not be found!
Sep 21 18:54:51 localhost dracut[1463]: dracut module 'systemd-resolved' will not be installed, because command '/usr/lib/systemd/systemd-resolved' could not be found!
Sep 21 18:54:51 localhost dracut[1463]: dracut module 'systemd-timesyncd' will not be installed, because command '/usr/lib/systemd/systemd-timesyncd' could not be found!
Sep 21 18:54:51 localhost dracut[1463]: dracut module 'systemd-timesyncd' will not be installed, because command '/usr/lib/systemd/systemd-time-wait-sync' could not be found!
Sep 21 18:54:52 localhost dracut[1463]: dracut module 'busybox' will not be installed, because command 'busybox' could not be found!
Sep 21 18:54:52 localhost dracut[1463]: dracut module 'dbus-daemon' will not be installed, because command 'dbus-daemon' could not be found!
Sep 21 18:54:52 localhost dracut[1463]: dracut module 'rngd' will not be installed, because command 'rngd' could not be found!
Sep 21 18:54:52 localhost dracut[1463]: dracut module 'connman' will not be installed, because command 'connmand' could not be found!
Sep 21 18:54:53 localhost dracut[1463]: dracut module 'connman' will not be installed, because command 'connmanctl' could not be found!
Sep 21 18:54:53 localhost dracut[1463]: dracut module 'connman' will not be installed, because command 'connmand-wait-online' could not be found!
Sep 21 18:54:53 localhost dracut[1463]: dracut module 'network-legacy' will not be installed, because command 'dhclient' could not be found!
Sep 21 18:54:53 localhost dracut[1463]: dracut module 'network-wicked' will not be installed, because command 'wicked' could not be found!
Sep 21 18:54:54 localhost dracut[1463]: 62bluetooth: Could not find any command of '/usr/lib/bluetooth/bluetoothd /usr/libexec/bluetooth/bluetoothd'!
Sep 21 18:54:55 localhost dracut[1463]: dracut module 'btrfs' will not be installed, because command 'btrfs' could not be found!
Sep 21 18:54:55 localhost dracut[1463]: dracut module 'dmraid' will not be installed, because command 'dmraid' could not be found!
Sep 21 18:55:01 localhost dracut[1463]: dracut module 'pcsc' will not be installed, because command 'pcscd' could not be found!
Sep 21 18:55:16 localhost dracut[1463]: 95nfs: Could not find any command of 'rpcbind portmap'!
Sep 21 18:55:17 localhost systemd[1]: systemd-hostnamed.service: Deactivated successfully.
Sep 21 18:55:18 localhost systemd[1]: systemd-hostnamed.service: Consumed 1.094s CPU time.
Sep 21 18:55:19 localhost dracut[1463]: dracut module 'biosdevname' will not be installed, because command 'biosdevname' could not be found!
Sep 21 18:55:23 localhost dracut[1463]: dracut module 'memstrack' will not be installed, because command 'memstrack' could not be found!
Sep 21 18:55:23 localhost dracut[1463]: memstrack is not available
Sep 21 18:55:24 localhost dracut[1463]: If you need to use rd.memdebug>=4, please install memstrack and procps-ng
Sep 21 18:55:24 localhost dracut[1463]: dracut module 'systemd-resolved' will not be installed, because command 'resolvectl' could not be found!
Sep 21 18:55:24 localhost dracut[1463]: dracut module 'systemd-resolved' will not be installed, because command '/usr/lib/systemd/systemd-resolved' could not be found!
Sep 21 18:55:24 localhost dracut[1463]: dracut module 'systemd-timesyncd' will not be installed, because command '/usr/lib/systemd/systemd-timesyncd' could not be found!
Sep 21 18:55:24 localhost dracut[1463]: dracut module 'systemd-timesyncd' will not be installed, because command '/usr/lib/systemd/systemd-time-wait-sync' could not be found!
Sep 21 18:55:24 localhost dracut[1463]: dracut module 'busybox' will not be installed, because command 'busybox' could not be found!
Sep 21 18:55:24 localhost dracut[1463]: dracut module 'dbus-daemon' will not be installed, because command 'dbus-daemon' could not be found!
Sep 21 18:55:24 localhost dracut[1463]: dracut module 'rngd' will not be installed, because command 'rngd' could not be found!
Sep 21 18:55:24 localhost dracut[1463]: dracut module 'connman' will not be installed, because command 'connmand' could not be found!
Sep 21 18:55:25 localhost dracut[1463]: dracut module 'connman' will not be installed, because command 'connmanctl' could not be found!
Sep 21 18:55:25 localhost dracut[1463]: dracut module 'connman' will not be installed, because command 'connmand-wait-online' could not be found!
Sep 21 18:55:25 localhost dracut[1463]: dracut module 'network-legacy' will not be installed, because command 'dhclient' could not be found!
Sep 21 18:55:25 localhost dracut[1463]: dracut module 'network-wicked' will not be installed, because command 'wicked' could not be found!
Sep 21 18:55:25 localhost dracut[1463]: 62bluetooth: Could not find any command of '/usr/lib/bluetooth/bluetoothd /usr/libexec/bluetooth/bluetoothd'!
Sep 21 18:55:25 localhost dracut[1463]: dracut module 'btrfs' will not be installed, because command 'btrfs' could not be found!
Sep 21 18:55:25 localhost dracut[1463]: dracut module 'dmraid' will not be installed, because command 'dmraid' could not be found!
Sep 21 18:55:27 localhost dracut[1463]: dracut module 'pcsc' will not be installed, because command 'pcscd' could not be found!
Sep 21 18:55:38 localhost kernel: TCP: eth0: Driver has suspect GRO implementation, TCP performance may be compromised.
Sep 21 18:55:41 localhost dracut[1463]: 95nfs: Could not find any command of 'rpcbind portmap'!
Sep 21 18:55:43 localhost dracut[1463]: dracut module 'memstrack' will not be installed, because command 'memstrack' could not be found!
Sep 21 18:55:43 localhost dracut[1463]: memstrack is not available
Sep 21 18:55:43 localhost dracut[1463]: If you need to use rd.memdebug>=4, please install memstrack and procps-ng
Sep 21 18:55:46 localhost dracut[1463]: *** Including module: systemd ***
Sep 21 18:55:52 localhost systemd-logind[700]: New session 3 of user rnounahon.
Sep 21 18:55:52 localhost systemd[1]: Started Session 3 of User rnounahon.
Sep 21 18:55:55 localhost systemd[1]: Starting Hostname Service...
Sep 21 18:55:57 localhost systemd[1]: Started Session 4 of User rnounahon.
Sep 21 18:55:57 localhost systemd-logind[700]: New session 4 of user rnounahon.
Sep 21 18:56:00 localhost systemd[1]: Started Hostname Service.
Sep 21 18:56:01 localhost dracut[1463]: *** Including module: fips ***
Sep 21 18:56:09 localhost dracut[1463]: *** Including module: systemd-initrd ***
Sep 21 18:56:10 localhost dracut[1463]: *** Including module: i18n ***
Sep 21 18:56:12 localhost dracut[1463]: *** Including module: drm ***
Sep 21 18:56:30 localhost systemd[1]: systemd-hostnamed.service: Deactivated successfully.
Sep 21 18:56:30 localhost systemd[1]: systemd-hostnamed.service: Consumed 1.187s CPU time.
Sep 21 18:56:32 localhost dracut[1463]: *** Including module: prefixdevname ***
Sep 21 18:56:32 localhost dracut[1463]: *** Including module: dm ***
Sep 21 18:56:38 localhost dracut[1463]: Skipping udev rule: 64-device-mapper.rules
Sep 21 18:56:38 localhost dracut[1463]: Skipping udev rule: 60-persistent-storage-dm.rules
Sep 21 18:56:39 localhost dracut[1463]: Skipping udev rule: 55-dm.rules
Sep 21 18:56:43 localhost dracut[1463]: *** Including module: kernel-modules ***
Sep 21 18:56:48 localhost systemd[1]: Starting Hostname Service...
Sep 21 18:56:51 localhost systemd[1]: Started Hostname Service.
Sep 21 18:56:51 localhost systemd-hostnamed[3185]: Hostname set to <awx-client2> (static)
Sep 21 18:56:51 localhost NetworkManager[766]: <info>  [1758473811.6054] hostname: static hostname changed from (none) to "awx-client2"
Sep 21 18:56:51 localhost systemd[1]: Starting Network Manager Script Dispatcher Service...
Sep 21 18:56:51 localhost kernel: block dm-0: the capability attribute has been deprecated.
Sep 21 18:56:52 localhost systemd[1]: Started Network Manager Script Dispatcher Service.
Sep 21 18:57:03 localhost systemd[1]: NetworkManager-dispatcher.service: Deactivated successfully.
Sep 21 18:57:12 localhost dracut[1463]: *** Including module: kernel-modules-extra ***
Sep 21 18:57:14 localhost dracut[1463]: *** Including module: lvm ***
Sep 21 18:57:18 localhost systemd[1562]: Starting Mark boot as successful...
Sep 21 18:57:19 localhost systemd[1562]: Finished Mark boot as successful.
Sep 21 18:57:19 localhost dracut[1463]: Skipping udev rule: 64-device-mapper.rules
Sep 21 18:57:19 localhost dracut[1463]: Skipping udev rule: 56-lvm.rules
Sep 21 18:57:19 localhost dracut[1463]: Skipping udev rule: 60-persistent-storage-lvm.rules
Sep 21 18:57:21 localhost dracut[1463]: *** Including module: fstab-sys ***
Sep 21 18:57:21 localhost systemd[1]: systemd-hostnamed.service: Deactivated successfully.
Sep 21 18:57:22 localhost systemd[1]: systemd-hostnamed.service: Consumed 1.231s CPU time.
Sep 21 18:57:22 localhost dracut[1463]: *** Including module: rootfs-block ***
Sep 21 18:57:24 localhost dracut[1463]: *** Including module: terminfo ***
Sep 21 18:57:26 localhost dracut[1463]: *** Including module: udev-rules ***
Sep 21 18:57:27 localhost systemd[1]: Starting Hostname Service...
Sep 21 18:57:29 localhost systemd[1]: Started Hostname Service.
Sep 21 18:57:43 localhost dracut[1463]: Skipping udev rule: 91-permissions.rules
Sep 21 18:57:44 localhost dracut[1463]: Skipping udev rule: 80-drivers-modprobe.rules
Sep 21 18:57:44 localhost dracut[1463]: Skipping udev rule: 70-persistent-net.rules
Sep 21 18:57:44 localhost dracut[1463]: *** Including module: dracut-systemd ***
Sep 21 18:57:50 localhost dracut[1463]: *** Including module: usrmount ***
Sep 21 18:57:51 localhost dracut[1463]: *** Including module: base ***
Sep 21 18:57:54 localhost dracut[1463]: *** Including module: fs-lib ***
Sep 21 18:57:55 localhost dracut[1463]: *** Including module: kdumpbase ***
Sep 21 18:58:00 localhost systemd[1]: systemd-hostnamed.service: Deactivated successfully.
Sep 21 18:58:02 localhost systemd-logind[700]: New session 5 of user rnounahon.
Sep 21 18:58:03 localhost systemd[1]: Started Session 5 of User rnounahon.
Sep 21 18:58:07 localhost systemd-logind[700]: Session 5 logged out. Waiting for processes to exit.
Sep 21 18:58:07 localhost systemd[1]: session-5.scope: Deactivated successfully.
Sep 21 18:58:07 localhost systemd[1]: session-5.scope: Consumed 1.827s CPU time.
Sep 21 18:58:08 localhost systemd-logind[700]: Removed session 5.
Sep 21 18:58:08 localhost dracut[1463]: *** Including module: openssl ***
Sep 21 18:58:09 localhost dracut[1463]: *** Including module: shutdown ***
Sep 21 18:58:10 localhost dracut[1463]: *** Including module: squash ***
Sep 21 18:58:11 localhost dracut[1463]: *** Including modules done ***
Sep 21 18:58:11 localhost dracut[1463]: *** Installing kernel module dependencies ***
Sep 21 18:58:34 localhost systemd-logind[700]: New session 6 of user rnounahon.
Sep 21 18:58:34 localhost systemd[1]: Started Session 6 of User rnounahon.
Sep 21 18:58:36 localhost systemd[1]: Starting Hostname Service...
Sep 21 18:58:39 localhost systemd[1]: Started Hostname Service.
Sep 21 18:58:48 localhost dracut[1463]: *** Installing kernel module dependencies done ***
Sep 21 18:58:49 localhost dracut[1463]: *** Resolving executable dependencies ***
Sep 21 18:58:57 localhost systemd-logind[700]: Session 6 logged out. Waiting for processes to exit.
Sep 21 18:58:57 localhost systemd[1]: session-6.scope: Deactivated successfully.
Sep 21 18:58:57 localhost systemd[1]: session-6.scope: Consumed 1.740s CPU time.
Sep 21 18:58:57 localhost systemd-logind[700]: Removed session 6.
Sep 21 18:59:10 localhost systemd[1]: systemd-hostnamed.service: Deactivated successfully.
Sep 21 18:59:10 localhost systemd[1]: systemd-hostnamed.service: Consumed 1.460s CPU time.
Sep 21 18:59:42 localhost dracut[1463]: *** Resolving executable dependencies done ***
Sep 21 18:59:43 localhost dracut[1463]: *** Store current command line parameters ***
Sep 21 18:59:43 localhost dracut[1463]: Stored kernel commandline:
Sep 21 18:59:43 localhost dracut[1463]: rd.lvm.lv=cs/root
Sep 21 18:59:47 localhost dracut[1463]: *** Install squash loader ***
Sep 21 19:00:17 localhost systemd[1562]: Created slice User Background Tasks Slice.
Sep 21 19:00:18 localhost systemd[1562]: Starting Cleanup of User's Temporary Files and Directories...
Sep 21 19:00:19 localhost systemd[1562]: Finished Cleanup of User's Temporary Files and Directories.
Sep 21 19:00:24 localhost dracut[1463]: *** Squashing the files inside the initramfs ***
Sep 21 19:01:19 localhost systemd-logind[700]: New session 7 of user rnounahon.
Sep 21 19:01:19 localhost systemd[1]: Started Session 7 of User rnounahon.
Sep 21 19:01:58 localhost python3[6041]: ansible-ping Invoked with data=pong
Sep 21 19:02:04 localhost systemd-logind[700]: Session 7 logged out. Waiting for processes to exit.
Sep 21 19:02:04 localhost systemd[1]: session-7.scope: Deactivated successfully.
Sep 21 19:02:04 localhost systemd[1]: session-7.scope: Consumed 15.211s CPU time.
